******************************************************************************
                  MSP430 Linker PC v4.1.2                      
******************************************************************************
>> Linked Thu Sep 20 16:35:44 2012

OUTPUT FILE NAME:   <eMPL-5.1.out>
ENTRY POINT SYMBOL: "_c_int00"  address: 000046f6


MEMORY CONFIGURATION

         name            origin    length      used     unused   attr    fill
----------------------  --------  ---------  --------  --------  ----  --------
  SFR                   00000000   00000010  00000000  00000010  RWIX
  PERIPHERALS_8BIT      00000010   000000f0  00000000  000000f0  RWIX
  PERIPHERALS_16BIT     00000100   00000100  00000000  00000100  RWIX
  INFOD                 00001800   00000080  00000000  00000080  RWIX
  INFOC                 00001880   00000080  00000000  00000080  RWIX
  INFOB                 00001900   00000080  00000000  00000080  RWIX
  INFOA                 00001980   00000080  00000000  00000080  RWIX
  RAM                   00002400   00002000  000012ba  00000d46  RWIX
  FLASH                 00004400   0000bb80  0000bb80  00000000  RWIX
  INT00                 0000ff80   00000002  00000000  00000002  RWIX
  INT01                 0000ff82   00000002  00000000  00000002  RWIX
  INT02                 0000ff84   00000002  00000000  00000002  RWIX
  INT03                 0000ff86   00000002  00000000  00000002  RWIX
  INT04                 0000ff88   00000002  00000000  00000002  RWIX
  INT05                 0000ff8a   00000002  00000000  00000002  RWIX
  INT06                 0000ff8c   00000002  00000000  00000002  RWIX
  INT07                 0000ff8e   00000002  00000000  00000002  RWIX
  INT08                 0000ff90   00000002  00000000  00000002  RWIX
  INT09                 0000ff92   00000002  00000000  00000002  RWIX
  INT10                 0000ff94   00000002  00000000  00000002  RWIX
  INT11                 0000ff96   00000002  00000000  00000002  RWIX
  INT12                 0000ff98   00000002  00000000  00000002  RWIX
  INT13                 0000ff9a   00000002  00000000  00000002  RWIX
  INT14                 0000ff9c   00000002  00000000  00000002  RWIX
  INT15                 0000ff9e   00000002  00000000  00000002  RWIX
  INT16                 0000ffa0   00000002  00000000  00000002  RWIX
  INT17                 0000ffa2   00000002  00000000  00000002  RWIX
  INT18                 0000ffa4   00000002  00000000  00000002  RWIX
  INT19                 0000ffa6   00000002  00000000  00000002  RWIX
  INT20                 0000ffa8   00000002  00000000  00000002  RWIX
  INT21                 0000ffaa   00000002  00000000  00000002  RWIX
  INT22                 0000ffac   00000002  00000000  00000002  RWIX
  INT23                 0000ffae   00000002  00000000  00000002  RWIX
  INT24                 0000ffb0   00000002  00000000  00000002  RWIX
  INT25                 0000ffb2   00000002  00000000  00000002  RWIX
  INT26                 0000ffb4   00000002  00000000  00000002  RWIX
  INT27                 0000ffb6   00000002  00000000  00000002  RWIX
  INT28                 0000ffb8   00000002  00000000  00000002  RWIX
  INT29                 0000ffba   00000002  00000000  00000002  RWIX
  INT30                 0000ffbc   00000002  00000000  00000002  RWIX
  INT31                 0000ffbe   00000002  00000000  00000002  RWIX
  INT32                 0000ffc0   00000002  00000000  00000002  RWIX
  INT33                 0000ffc2   00000002  00000000  00000002  RWIX
  INT34                 0000ffc4   00000002  00000000  00000002  RWIX
  INT35                 0000ffc6   00000002  00000000  00000002  RWIX
  INT36                 0000ffc8   00000002  00000000  00000002  RWIX
  INT37                 0000ffca   00000002  00000000  00000002  RWIX
  INT38                 0000ffcc   00000002  00000000  00000002  RWIX
  INT39                 0000ffce   00000002  00000000  00000002  RWIX
  INT40                 0000ffd0   00000002  00000000  00000002  RWIX
  INT41                 0000ffd2   00000002  00000000  00000002  RWIX
  INT42                 0000ffd4   00000002  00000002  00000000  RWIX
  INT43                 0000ffd6   00000002  00000000  00000002  RWIX
  INT44                 0000ffd8   00000002  00000000  00000002  RWIX
  INT45                 0000ffda   00000002  00000000  00000002  RWIX
  INT46                 0000ffdc   00000002  00000000  00000002  RWIX
  INT47                 0000ffde   00000002  00000000  00000002  RWIX
  INT48                 0000ffe0   00000002  00000000  00000002  RWIX
  INT49                 0000ffe2   00000002  00000000  00000002  RWIX
  INT50                 0000ffe4   00000002  00000000  00000002  RWIX
  INT51                 0000ffe6   00000002  00000002  00000000  RWIX
  INT52                 0000ffe8   00000002  00000000  00000002  RWIX
  INT53                 0000ffea   00000002  00000000  00000002  RWIX
  INT54                 0000ffec   00000002  00000000  00000002  RWIX
  INT55                 0000ffee   00000002  00000002  00000000  RWIX
  INT56                 0000fff0   00000002  00000002  00000000  RWIX
  INT57                 0000fff2   00000002  00000000  00000002  RWIX
  INT58                 0000fff4   00000002  00000000  00000002  RWIX
  INT59                 0000fff6   00000002  00000002  00000000  RWIX
  INT60                 0000fff8   00000002  00000000  00000002  RWIX
  INT61                 0000fffa   00000002  00000002  00000000  RWIX
  INT62                 0000fffc   00000002  00000000  00000002  RWIX
  RESET                 0000fffe   00000002  00000002  00000000  RWIX
  FLASH2                00010000   00014400  00007f01  0000c4ff  RWIX


SECTION ALLOCATION MAP

 output                                  attributes/
section   page    origin      length       input sections
--------  ----  ----------  ----------   ----------------
.pinit     0    00004400    00000000     UNINITIALIZED

.bss       0    00002400    00000eba     UNINITIALIZED
                  00002400    0000021c     libmplmpu.lib : compass_vec_cal.obj (.bss)
                  0000261c    000001ba     data_builder.obj (.bss)
                  000027d6    000001ba     libmplmpu.lib : gyro_tc.obj (.bss)
                  00002990    0000016c     storage_manager.obj (.bss)
                  00002afc    00000130     libmplmpu.lib : fast_no_motion.obj (.bss)
                  00002c2c    000000d8                   : fusion_9axis.obj (.bss)
                  00002d04    000000cc     hal_outputs.obj (.bss)
                  00002dd0    000000b0     rts430x_lc_rd.lib : signal.obj (.bss)
                  00002e80    0000009c     libmplmpu.lib : mag_disturb.obj (.bss)
                  00002f1c    00000078     results_holder.obj (.bss)
                  00002f94    00000078     rts430x_lc_rd.lib : xvalues.obj (.bss)
                  0000300c    00000072     libmplmpu.lib : quaternion_supervisor.obj (.bss)
                  0000307e    00000068     rts430x_lc_rd.lib : xfvalues.obj (.bss)
                  000030e6    00000052     start_manager.obj (.bss)
                  00003138    00000051     mllite_test.obj (.bss)
                  00003189    00000001     --HOLE--
                  0000318a    00000048     usb.obj (.bss)
                  000031d2    0000002e     UsbCdc.obj (.bss)
                  00003200    0000002a     inv_gyro.obj (.bss)
                  0000322a    0000001e     eMPL_outputs.obj (.bss)
                  00003248    00000014     inv_gyro_dmp_android.obj (.bss)
                  0000325c    00000014     msp430_clock.obj (.bss)
                  00003270    0000000c     msp430_i2c.obj (.bss)
                  0000327c    0000000c     msp430_interrupt.obj (.bss)
                  00003288    0000000c     msp430_uart.obj (.bss)
                  00003294    00000008     dma.obj (.bss)
                  0000329c    00000008     rts430x_lc_rd.lib : _lock.obj (.bss)
                  000032a4    00000008                       : boot.obj (.bss)
                  000032ac    00000008                       : feraiseexcept.obj (.bss)
                  000032b4    00000004     message_layer.obj (.bss)
                  000032b8    00000002     rts430x_lc_rd.lib : errno.obj (.bss)

.stack     0    00004000    00000400     UNINITIALIZED
                  00004000    00000004     rts430x_lc_rd.lib : boot.obj (.stack)
                  00004004    000003fc     --HOLE--

.text:_isr 
*          0    00004400    00000332     
                  00004400    00000138     UsbIsr.obj (.text:_isr:iUsbInterruptHandler)
                  00004538    000000c2     msp430_i2c.obj (.text:_isr:I2C_ISR)
                  000045fa    00000078     msp430_interrupt.obj (.text:_isr:P2_ISR)
                  00004672    00000046     msp430_uart.obj (.text:_isr:UART_ISR)
                  000046b8    0000003e     msp430_interrupt.obj (.text:_isr:UNMI_ISR)
                  000046f6    0000002a     rts430x_lc_rd.lib : boot.obj (.text:_isr:_c_int00_noexit)
                  00004720    00000012     msp430_clock.obj (.text:_isr:TIMERB0_ISR)

.cinit     0    00004732    000001f2     
                  00004732    0000005a     rts430x_lc_rd.lib : xvalues.obj (.cinit)
                  0000478c    00000050                       : xfvalues.obj (.cinit)
                  000047dc    00000039     mllite_test.obj (.cinit)
                  00004815    00000001     --HOLE-- [fill = 0]
                  00004816    00000028     libmplmpu.lib : compass_vec_cal.obj (.cinit)
                  0000483e    00000020     inv_gyro_dmp_android.obj (.cinit)
                  0000485e    0000001a     hal_outputs.obj (.cinit)
                  00004878    0000001a     inv_gyro.obj (.cinit)
                  00004892    00000019     msp430_clock.obj (.cinit)
                  000048ab    00000001     --HOLE-- [fill = 0]
                  000048ac    00000017     usb.obj (.cinit)
                  000048c3    00000001     --HOLE-- [fill = 0]
                  000048c4    00000014     rts430x_lc_rd.lib : feraiseexcept.obj (.cinit)
                  000048d8    00000011     msp430_i2c.obj (.cinit)
                  000048e9    00000001     --HOLE-- [fill = 0]
                  000048ea    00000011     msp430_interrupt.obj (.cinit)
                  000048fb    00000001     --HOLE-- [fill = 0]
                  000048fc    0000000a     libmplmpu.lib : gyro_tc.obj (.cinit)
                  00004906    0000000a                   : mag_disturb.obj (.cinit)
                  00004910    0000000a     rts430x_lc_rd.lib : signal.obj (.cinit)
                  0000491a    00000008                       : errno.obj (.cinit)
                  00004922    00000002     --HOLE-- [fill = 0]

.text.1    0    00004924    0000b65c     
                  00004924    00000a04     libmplmpu.lib : compass_vec_cal.obj (.text:inv_compute_bias)
                  00005328    00000858                   : compass_vec_cal.obj (.text:inv_center_sum)
                  00005b80    000007f0     mllite_test.obj (.text:handle_input)
                  00006370    00000742     libmplmpu.lib : compass_vec_cal.obj (.text:inv_process_compass_only_cal)
                  00006ab2    0000065a                   : fusion_9axis.obj (.text:inv_perform_9x_fusion)
                  0000710c    00000650     inv_gyro.obj (.text:get_st_biases)
                  0000775c    00000612     mllite_test.obj (.text:main)
                  00007d6e    00000448     libmplmpu.lib : compass_vec_cal.obj (.text:inv_set_terms)
                  000081b6    0000042c     UsbCdc.obj (.text:USBCDC_receiveData)
                  000085e2    0000042c     libmplmpu.lib : mag_disturb.obj (.text:inv_check_magnetic_disturbance)
                  00008a0e    0000038e     rts430x_lc_rd.lib : llmath.obj (.text:__divull)
                  00008d9c    0000038e     libmplmpu.lib : gyro_tc.obj (.text:inv_gtc_compute_slope)
                  0000912a    0000038c     eMPL_outputs.obj (.text:inv_get_sensor_type_euler)
                  000094b6    00000372     libmplmpu.lib : quaternion_supervisor.obj (.text:accel_fusion)
                  00009828    00000336                   : quaternion_supervisor.obj (.text:inv_process_dmp_quaternion)
                  00009b5e    000002c6                   : fast_no_motion.obj (.text:inv_fast_nomot_check_data)
                  00009e24    000002a2     UsbCdc.obj (.text:CdcToHostFromBuffer)
                  0000a0c6    00000274     libmplmpu.lib : compass_vec_cal.obj (.text:inv_check_peaks)
                  0000a33a    0000026c     rts430x_lc_rd.lib : xlog.obj (.text:_Log)
                  0000a5a6    0000026c     libmplmpu.lib : quaternion_supervisor.obj (.text:inv_generate_accel_gyro_quaternion)
                  0000a812    00000266     log_msp430.obj (.text:eMPL_send_data)
                  0000aa78    00000258     libmplmpu.lib : fusion_9axis.obj (.text:inv_filter_correction_angle)
                  0000acd0    00000256     inv_gyro.obj (.text:gyro_read_fifo)
                  0000af26    00000252     inv_gyro.obj (.text:setup_compass)
                  0000b178    00000248     libmplmpu.lib : quaternion_supervisor.obj (.text:inv_compute_quat_from_accel)
                  0000b3c0    00000236     rts430x_lc_rd.lib : xfsin.obj (.text:_FSin)
                  0000b5f6    00000230     mllite_test.obj (.text:read_from_mpl)
                  0000b826    00000228     UsbCdc.obj (.text:CdcToBufferFromHost)
                  0000ba4e    00000228     rts430x_lc_rd.lib : _printfi.obj (.text:_setfield)
                  0000bc76    0000021c     ml_math_func.obj (.text:inv_q_multf)
                  0000be92    00000210     inv_gyro_dmp_android.obj (.text:dmp_read_fifo)
                  0000c0a2    0000020e     rts430x_lc_rd.lib : _printfi.obj (.text:_printfi)
                  0000c2b0    000001fc     libmplmpu.lib : fast_no_motion.obj (.text:inv_fast_nomot_parameter)
                  0000c4ac    000001fc                   : quaternion_supervisor.obj (.text:inv_generate_gyro_quaternion)
                  0000c6a8    000001fc     ml_math_func.obj (.text:inv_quaternion_to_rotation)
                  0000c8a4    000001f8     inv_gyro.obj (.text:gyro_init)
                  0000ca9c    000001de     ml_math_func.obj (.text:inv_q_normalizef)
                  0000cc7a    000001d8     inv_gyro_dmp_android.obj (.text:dmp_set_gyro_bias)
                  0000ce52    000001d4     inv_gyro.obj (.text:gyro_reset_fifo)
                  0000d026    000001ce     libmplmpu.lib : fast_no_motion.obj (.text:inv_generate_fast_nomot)
                  0000d1f4    000001c6                   : compass_vec_cal.obj (.text:inv_combine_compass_data)
                  0000d3ba    000001c2     ml_math_func.obj (.text:inv_compass_angle)
                  0000d57c    000001ba     libmplmpu.lib : compass_vec_cal.obj (.text:inv_check_sim)
                  0000d736    000001b4                   : mag_disturb.obj (.text:ComputeAngleVelocity)
                  0000d8ea    000001ac                   : quaternion_supervisor.obj (.text:inv_normalize_quat)
                  0000da96    000001a6     rts430x_lc_rd.lib : fmodf.obj (.text:fmodf)
                  0000dc3c    000001a4     inv_gyro_dmp_android.obj (.text:dmp_enable_feature)
                  0000dde0    000001a4     ml_math_func.obj (.text:inv_q_mult)
                  0000df84    000001a2     usb.obj (.text:USB_reset)
                  0000e126    000001a2     rts430x_lc_rd.lib : _printfi.obj (.text:_pproc_fge)
                  0000e2c8    0000019e     inv_gyro_dmp_android.obj (.text:dmp_set_tap_thresh)
                  0000e466    0000019a     inv_gyro_dmp_android.obj (.text:dmp_set_orientation)
                  0000e600    00000192     libmplmpu.lib : compass_vec_cal.obj (.text:inv_ignore_compass_data)
                  0000e792    00000188     rts430x_lc_rd.lib : _printfi.obj (.text:_getarg_diouxp)
                  0000e91a    0000017c                       : _printfi.obj (.text:ecvt)
                  0000ea96    00000176     libmplmpu.lib : compass_vec_cal.obj (.text:inv_bias_stability)
                  0000ec0c    0000016c     rts430x_lc_rd.lib : _printfi.obj (.text:fcvt)
                  0000ed78    00000156                       : _printfi.obj (.text:_pconv_e)
                  0000eece    00000152     inv_gyro.obj (.text:gyro_self_test)
                  0000f020    00000146     inv_gyro.obj (.text:gyro_set_sensors)
                  0000f166    00000142     rts430x_lc_rd.lib : xfatan.obj (.text:_FAtan)
                  0000f2a8    00000140                       : llmath.obj (.text:__divlli)
                  0000f3e8    0000013c     inv_gyro.obj (.text:gyro_set_bypass)
                  0000f524    00000134     inv_gyro.obj (.text:gyro_run_self_test)
                  0000f658    00000132     inv_gyro.obj (.text:compass_self_test)
                  0000f78a    00000130     rts430x_lc_rd.lib : fs_add.obj (.text)
                  0000f8ba    00000128                       : xdscale.obj (.text:_Dscale)
                  0000f9e2    00000124     libmplmpu.lib : fast_no_motion.obj (.text:inv_fast_nomot_store_data)
                  0000fb06    00000120     eMPL_outputs.obj (.text:inv_generate_eMPL_outputs)
                  0000fc26    0000011e     rts430x_lc_rd.lib : _printfi.obj (.text:_pproc_diouxp)
                  0000fd44    0000011e                       : sqrt.obj (.text:sqrt)
                  0000fe62    0000011e                       : sqrtf.obj (.text:sqrtf)

.int42     0    0000ffd4    00000002     
                  0000ffd4    00000002     msp430_interrupt.obj (.int42)

.int51     0    0000ffe6    00000002     
                  0000ffe6    00000002     UsbIsr.obj (.int51)

.int55     0    0000ffee    00000002     
                  0000ffee    00000002     msp430_i2c.obj (.int55)

.int56     0    0000fff0    00000002     
                  0000fff0    00000002     msp430_uart.obj (.int56)

.int59     0    0000fff6    00000002     
                  0000fff6    00000002     msp430_clock.obj (.int59)

.int61     0    0000fffa    00000002     
                  0000fffa    00000002     msp430_interrupt.obj (.int61)

.reset     0    0000fffe    00000002     
                  0000fffe    00000002     rts430x_lc_rd.lib : boot.obj (.reset)

.text.2    0    00010000    00006a20     
                  00010000    0000011c     rts430x_lc_rd.lib : xfdscale.obj (.text:_FDscale)
                  0001011c    0000011a     ml_math_func.obj (.text:inv_q_norm4)
                  00010236    00000114     log_msp430.obj (.text:eMPL_send_quat)
                  0001034a    00000112     libmplmpu.lib : gyro_tc.obj (.text:inv_gtc_data_cb)
                  0001045c    00000108     rts430x_lc_rd.lib : atan2f.obj (.text:atan2f)
                  00010564    00000108     eMPL_outputs.obj (.text:inv_get_sensor_type_heading)
                  0001066c    00000104     rts430x_lc_rd.lib : _printfi.obj (.text:_pconv_g)
                  00010770    00000102                       : _printfi.obj (.text:_ltostr)
                  00010872    00000100                       : _printfi.obj (.text:_pproc_fwp)
                  00010972    000000fe     inv_gyro.obj (.text:accel_self_test)
                  00010a70    000000f8     UsbCdc.obj (.text:CopyUsbToBuff)
                  00010b68    000000f8     log_msp430.obj (.text:_MLPrintLog)
                  00010c60    000000f8     libmplmpu.lib : fusion_9axis.obj (.text:inv_process_9x_sensor_fusion_cb)
                  00010d58    000000f4     inv_gyro.obj (.text:get_accel_prod_shift)
                  00010e4c    000000f0     rts430x_lc_rd.lib : acosf.obj (.text:acosf)
                  00010f3c    000000ee     libmplmpu.lib : fusion_9axis.obj (.text:inv_find_synchronized_compass_angle)
                  0001102a    000000ec     usb.obj (.text:USB_InitSerialStringDescriptor)
                  00011116    000000ea     storage_manager.obj (.text:inv_load_mpl_states)
                  00011200    000000e4     HAL_UCS.obj (.text:Init_FLL)
                  000112e4    000000e2     inv_gyro.obj (.text:gyro_lp_accel_mode)
                  000113c6    000000e0     libmplmpu.lib : gyro_tc.obj (.text:inv_gtc_add_data)
                  000114a6    000000d8     inv_gyro.obj (.text:gyro_get_compass_reg)
                  0001157e    000000d4     HAL_PMM.obj (.text:SetVCoreUp)
                  00011652    000000d4     inv_gyro.obj (.text:gyro_read_fifo_stream)
                  00011726    000000ce     inv_gyro.obj (.text:gyro_load_firmware)
                  000117f4    000000cc     inv_gyro_dmp_android.obj (.text:dmp_set_interrupt_mode)
                  000118c0    000000ca     mpl.obj (.text:inv_init_mpl)
                  0001198a    000000c8     data_builder.obj (.text:inv_register_data_cb)
                  00011a52    000000c2     UsbCdc.obj (.text:USBCDC_intfStatus)
                  00011b14    000000be     mllite_test.obj (.text:orient_cb)
                  00011bd2    000000bc     data_builder.obj (.text:inv_apply_calibration)
                  00011c8e    000000bc     libmplmpu.lib : fast_no_motion.obj (.text:inv_init_maxmin)
                  00011d4a    000000bc     storage_manager.obj (.text:inv_save_mpl_states)
                  00011e06    000000b6     rts430x_lc_rd.lib : fs_mpy.obj (.text)
                  00011ebc    000000b4     UsbCdc.obj (.text:USBCDC_bytesInUSBBuffer)
                  00011f70    000000b4     ml_math_func.obj (.text:inv_convert_to_body_with_scale)
                  00012024    000000b2     inv_gyro.obj (.text:gyro_set_sample_rate)
                  000120d6    000000b2     libmplmpu.lib : compass_vec_cal.obj (.text:inv_init_sensitivity_const)
                  00012188    000000b2                   : mag_disturb.obj (.text:inv_track_dip_angle)
                  0001223a    000000b0     results_holder.obj (.text:inv_get_gravity)
                  000122ea    000000ac     inv_gyro.obj (.text:gyro_get_temperature)
                  00012396    000000aa     data_builder.obj (.text:inv_set_contiguous)
                  00012440    000000aa     mllite_test.obj (.text:tap_cb)
                  000124ea    000000a8     rts430x_lc_rd.lib : _printfi.obj (.text:_pproc_str)
                  00012592    0000009e     libmplmpu.lib : compass_vec_cal.obj (.text:inv_cheap_rand)
                  00012630    0000009c                   : compass_vec_cal.obj (.text:inv_set_peaks)
                  000126cc    0000009c     msp430_clock.obj (.text:msp430_clock_init)
                  00012768    0000009a     HAL_PMM.obj (.text:SetVCoreDown)
                  00012802    0000009a     msp430_i2c.obj (.text:msp430_i2c_read)
                  0001289c    0000009a     msp430_i2c.obj (.text:msp430_i2c_write)
                  00012936    00000098     libmplmpu.lib : mag_disturb.obj (.text:MagDisturbSetDisturbance)
                  000129ce    00000096     usb.obj (.text:USB_connectionState)
                  00012a64    00000092     rts430x_lc_rd.lib : xdnorm.obj (.text:_Dnorm)
                  00012af6    0000008e                       : fs_div.obj (.text)
                  00012b84    0000008e     usb.obj (.text:usbDecodeAndProcessUsbRequest)
                  00012c12    0000008e     usb.obj (.text:usbGetEndpointStatus)
                  00012ca0    0000008c     usb.obj (.text:USB_enable)
                  00012d2c    0000008c     rts430x_lc_rd.lib : xfdnorm.obj (.text:_FDnorm)
                  00012db8    0000008a     UsbCdc.obj (.text:USBCDC_sendData)
                  00012e42    0000008a     data_builder.obj (.text:inv_build_accel)
                  00012ecc    0000008a     data_builder.obj (.text:inv_build_compass)
                  00012f56    00000088     rts430x_lc_rd.lib : _printfi.obj (.text:_ecpy)
                  00012fde    00000088     inv_gyro.obj (.text:gyro_set_lpf)
                  00013066    00000086     rts430x_lc_rd.lib : _printfi.obj (.text:_div)
                  000130ec    00000086     inv_gyro.obj (.text:gyro_set_dmp_state)
                  00013172    00000084     storage_manager.obj (.text:inv_register_load_store)
                  000131f6    00000082     data_builder.obj (.text:inv_set_gyro_bias)
                  00013278    00000080     libmplmpu.lib : mag_disturb.obj (.text:Mag3ofNormalizedLong)
                  000132f8    00000080     inv_gyro_dmp_android.obj (.text:dmp_set_orient_thresh)
                  00013378    00000080     inv_gyro.obj (.text:gyro_set_gyro_fsr)
                  000133f8    00000080     rts430x_lc_rd.lib : ltoa.obj (.text:ltoa)
                  00013478    0000007e                       : _printfi.obj (.text:_mcpy)
                  000134f6    0000007e     libmplmpu.lib : compass_vec_cal.obj (.text:inv_cheap_gaussian)
                  00013574    0000007e     rts430x_lc_rd.lib : fs_tol.obj (.text)
                  000135f2    0000007c     inv_gyro.obj (.text:gyro_get_accel_reg)
                  0001366e    0000007a     inv_gyro.obj (.text:gyro_set_accel_fsr)
                  000136e8    00000078     ml_math_func.obj (.text:inv_q_addf)
                  00013760    00000078     msp430_i2c.obj (.text:msp430_i2c_enable)
                  000137d8    00000076     rts430x_lc_rd.lib : _printfi.obj (.text:_pconv_f)
                  0001384e    00000076     usbConstructs.obj (.text:cdcSendDataWaitTilDone)
                  000138c4    00000076     UsbCdc.obj (.text:usbGetLineCoding)
                  0001393a    00000074     inv_gyro_dmp_android.obj (.text:dmp_set_fifo_rate)
                  000139ae    00000074     inv_gyro.obj (.text:gyro_read_mem)
                  00013a22    00000074     inv_gyro.obj (.text:gyro_set_int_enable)
                  00013a96    00000074     inv_gyro.obj (.text:gyro_write_mem)
                  00013b0a    00000074     data_builder.obj (.text:inv_execute_on_data)
                  00013b7e    00000070     data_builder.obj (.text:inv_get_last_timestamp)
                  00013bee    0000006e     inv_gyro.obj (.text:gyro_reg_dump)
                  00013c5c    0000006e     libmplmpu.lib : quaternion_supervisor.obj (.text:inv_generate_quaternion)
                  00013cca    0000006e     usb.obj (.text:usbSendNextPacketOnIEP0)
                  00013d38    0000006c     inv_gyro_dmp_android.obj (.text:dmp_get_pedometer_walk_time)
                  00013da4    00000068     rts430x_lc_rd.lib : fs_toi.obj (.text)
                  00013e0c    00000066     inv_gyro_dmp_android.obj (.text:decode_gesture)
                  00013e72    00000066     results_holder.obj (.text:inv_init_results_holder)
                  00013ed8    00000064     rts430x_lc_rd.lib : xdunscal.obj (.text:_Dunscale)
                  00013f3c    00000064                       : xfdunsca.obj (.text:_FDunscale)
                  00013fa0    00000064     results_holder.obj (.text:inv_get_linear_accel)
                  00014004    00000062     rts430x_lc_rd.lib : atoi.obj (.text:atoi)
                  00014066    00000062     mllite_test.obj (.text:display_orient_cb)
                  000140c8    00000062     ml_math_func.obj (.text:inv_q_rotate)
                  0001412a    00000062     data_builder.obj (.text:inv_set_accel_bias)
                  0001418c    00000060     inv_gyro.obj (.text:gyro_set_int_latched)
                  000141ec    00000060     libmplmpu.lib : fast_no_motion.obj (.text:inv_init_fast_nomot)
                  0001424c    0000005e     UsbCdc.obj (.text:CdcResetData)
                  000142aa    0000005e     inv_gyro.obj (.text:gyro_configure_fifo)
                  00014308    0000005e     ml_math_func.obj (.text:inv_q_add)
                  00014366    0000005e     mllite_test.obj (.text:setup_gyro)
                  000143c4    0000005c     usb.obj (.text:USB_init)
                  00014420    0000005c     libmplmpu.lib : mag_disturb.obj (.text:inv_init_magnetic_disturbance)
                  0001447c    0000005c                   : mag_disturb.obj (.text:inv_magnetic_disturbance_process)
                  000144d8    0000005a                   : mag_disturb.obj (.text:MagDisturbCheckSettling)
                  00014532    0000005a     inv_gyro.obj (.text:gyro_set_compass_sample_rate)
                  0001458c    0000005a     libmplmpu.lib : compass_vec_cal.obj (.text:inv_generate_vector_compass_cal)
                  000145e6    0000005a     data_builder.obj (.text:inv_set_compass_bias)
                  00014640    00000058     rts430x_lc_rd.lib : mult64_f5hw.obj (.text:__mpyll)
                  00014698    00000058     inv_gyro_dmp_android.obj (.text:dmp_get_pedometer_step_count)
                  000146f0    00000058     libmplmpu.lib : fast_no_motion.obj (.text:inv_if_enough_data)
                  00014748    00000058     rts430x_lc_rd.lib : div32u.obj (.text)
                  000147a0    00000054                       : autoinit.obj (.text:_auto_init)
                  000147f4    00000054     inv_gyro_dmp_android.obj (.text:dmp_enable_6x_lp_quat)
                  00014848    00000054     inv_gyro_dmp_android.obj (.text:dmp_enable_lp_quat)
                  0001489c    00000054     inv_gyro.obj (.text:gyro_get_lpf)
                  000148f0    00000054     results_holder.obj (.text:inv_get_quaternion_set)
                  00014944    00000054     ml_math_func.obj (.text:inv_q_invert)
                  00014998    00000054     msp430_clock.obj (.text:msp430_clock_enable)
                  000149ec    00000052     usb.obj (.text:usbReceiveNextPacketOnOEP0)
                  00014a3e    00000050     HAL_TLV.obj (.text:Get_TLV_Info)
                  00014a8e    00000050     libmplmpu.lib : fast_no_motion.obj (.text:inv_max_change)
                  00014ade    0000004e     rts430x_lc_rd.lib : _printfi.obj (.text:_fcpy)
                  00014b2c    0000004e     inv_gyro.obj (.text:gyro_get_gyro_sens)
                  00014b7a    0000004e     libmplmpu.lib : gyro_tc.obj (.text:inv_gtc_get_bin)
                  00014bc8    0000004e     usb.obj (.text:usbGetStringDescriptor)
                  00014c16    0000004c     inv_gyro_dmp_android.obj (.text:dmp_set_shake_reject_thresh)
                  00014c62    0000004c     libmplmpu.lib : fusion_9axis.obj (.text:inv_init_9x_fusion)
                  00014cae    0000004c     ml_math_func.obj (.text:inv_q_invertf)
                  00014cfa    0000004a     UsbCdc.obj (.text:Handler_SetLineCoding)
                  00014d44    0000004a     mpl.obj (.text:inv_start_mpl)
                  00014d8e    0000004a     rts430x_lc_rd.lib : fs_cmp.obj (.text)
                  00014dd8    0000004a                       : fs_ltof.obj (.text)
                  00014e22    00000048     UsbIsr.obj (.text:PWRVBUSoffHandler)
                  00014e6a    00000048     UsbIsr.obj (.text:SetupPacketInterruptHandler)
                  00014eb2    00000048     data_builder.obj (.text:inv_init_data_builder)
                  00014efa    00000048     ml_math_func.obj (.text:inv_row_2_scale)
                  00014f42    00000048     libmplmpu.lib : fast_no_motion.obj (.text:inv_start_fast_nomot)
                  00014f8a    00000048     usb.obj (.text:usbSetEndpointFeature)
                  00014fd2    00000046     rts430x_lc_rd.lib : _printfi.obj (.text:_pproc_fflags)
                  00015018    00000046     inv_gyro.obj (.text:gyro_get_accel_sens)
                  0001505e    00000046     libmplmpu.lib : quaternion_supervisor.obj (.text:inv_init_quaternion)
                  000150a4    00000046     rts430x_lc_rd.lib : fs_tou.obj (.text)
                  000150ea    00000044                       : llmath.obj (.text:__asrll)
                  0001512e    00000042     libmplmpu.lib : quaternion_supervisor.obj (.text:inv_start_quaternion)
                  00015170    00000042     msp430_uart.obj (.text:msp430_uart_init)
                  000151b2    00000040     HAL_PMM.obj (.text:SetVCore)
                  000151f2    00000040     usbConstructs.obj (.text:cdcReceiveDataInBuffer)
                  00015232    00000040     inv_gyro.obj (.text:gyro_get_accel_fsr)
                  00015272    00000040     data_builder.obj (.text:inv_build_gyro)
                  000152b2    00000040     ml_math_func.obj (.text:inv_checksum)
                  000152f2    00000040     results_holder.obj (.text:inv_set_motion_state)
                  00015332    00000040     rts430x_lc_rd.lib : div32s.obj (.text)
                  00015372    00000040     usb.obj (.text:usbClearEndpointFeature)
                  000153b2    0000003e     rts430x_lc_rd.lib : llmath.obj (.text:__lslll)
                  000153f0    0000003e                       : llmath.obj (.text:__lsrll)
                  0001542e    0000003e     ml_math_func.obj (.text:inv_get_gyro_sum_of_sqr)
                  0001546c    0000003e     data_builder.obj (.text:inv_set_accel_sample_rate)
                  000154aa    0000003e     data_builder.obj (.text:inv_set_compass_sample_rate)
                  000154e8    0000003e     data_builder.obj (.text:inv_set_gyro_sample_rate)
                  00015526    0000003e     rts430x_lc_rd.lib : asr32.obj (.text:l_asr_const)
                  00015564    0000003e                       : lsl32.obj (.text:l_lsl_const)
                  000155a2    0000003e                       : lsr32.obj (.text:l_lsr_const)
                  000155e0    0000003c                       : xfdtest.obj (.text:_FDtest)
                  0001561c    0000003c     inv_gyro_dmp_android.obj (.text:dmp_set_pedometer_walk_time)
                  00015658    0000003c     inv_gyro.obj (.text:gyro_get_gyro_fsr)
                  00015694    0000003c     data_builder.obj (.text:inv_get_compass_set)
                  000156d0    0000003a     results_holder.obj (.text:inv_get_quaternion)
                  0001570a    0000003a     libmplmpu.lib : compass_vec_cal.obj (.text:inv_init_vector_compass_cal)
                  00015744    0000003a     rts430x_lc_rd.lib : vsprintf.obj (.text:vsprintf)
                  0001577e    00000038     UsbIsr.obj (.text:OEP0InterruptHandler)
                  000157b6    00000038     dma.obj (.text:USB_initMemcpy)
                  000157ee    00000038     libmplmpu.lib : gyro_tc.obj (.text:inv_init_gyro_ts)
                  00015826    00000038                   : compass_vec_cal.obj (.text:inv_reset_data_collection)
                  0001585e    00000038     msp430_interrupt.obj (.text:msp430_reg_int_cb)
                  00015896    00000038     rts430x_lc_rd.lib : signal.obj (.text:signal)
                  000158ce    00000036     HAL_UCS.obj (.text:Init_FLL_Settle)
                  00015904    00000036     UsbIsr.obj (.text:PWRVBUSonHandler)
                  0001593a    00000036     rts430x_lc_rd.lib : xferaise.obj (.text:_Feraise)
                  00015970    00000036                       : fs_itof.obj (.text)
                  000159a6    00000034     HAL_UCS.obj (.text:XT1_Start)
                  000159da    00000034     inv_gyro_dmp_android.obj (.text:dmp_set_tap_axes)
                  00015a0e    00000034     rts430x_lc_rd.lib : feraiseexcept.obj (.text:feraiseexcept)
                  00015a42    00000034     libmplmpu.lib : gyro_tc.obj (.text:inv_enable_gyro_tc)
                  00015a76    00000034     data_builder.obj (.text:inv_get_accel_set)
                  00015aaa    00000034     msp430_clock.obj (.text:msp430_delay_ms)
                  00015ade    00000032     usb.obj (.text:USB_suspend)
                  00015b10    00000032     inv_gyro_dmp_android.obj (.text:dmp_set_pedometer_step_count)
                  00015b42    00000032     data_builder.obj (.text:inv_build_quat)
                  00015b74    00000032     data_builder.obj (.text:inv_db_load_func)
                  00015ba6    00000032     libmplmpu.lib : gyro_tc.obj (.text:inv_gtc_store)
                  00015bd8    00000032     rts430x_lc_rd.lib : memccpy.obj (.text:memccpy)
                  00015c0a    00000032                       : raise.obj (.text:raise)
                  00015c3c    00000032                       : fs_ultof.obj (.text)
                  00015c6e    00000030     HAL_FLASH.obj (.text:FlashWrite_8)
                  00015c9e    00000030     usb.obj (.text:USB_connectionInfo)
                  00015cce    00000030     HAL_UCS.obj (.text:XT2_Start)
                  00015cfe    00000030     data_builder.obj (.text:inv_get_gyro_set)
                  00015d2e    0000002e     rts430x_lc_rd.lib : memmov.obj (.text:memmove)
                  00015d5c    0000002c     start_manager.obj (.text:inv_execute_mpl_start_notification)
                  00015d88    0000002c     eMPL_outputs.obj (.text:inv_get_sensor_type_quat)
                  00015db4    0000002c     libmplmpu.lib : gyro_tc.obj (.text:inv_gtc_load)
                  00015de0    0000002c     rts430x_lc_rd.lib : div16s.obj (.text)
                  00015e0c    0000002c     usb.obj (.text:usbGetDeviceStatus)
                  00015e38    0000002a     rts430x_lc_rd.lib : mult3264_f5hw.obj (.text:__mpysll)
                  00015e62    0000002a     eMPL_outputs.obj (.text:inv_get_sensor_type_rot_mat)
                  00015e8c    0000002a     ml_math_func.obj (.text:inv_orientation_matrix_to_scalar)
                  00015eb6    0000002a     dma.obj (.text:memcpyV)
                  00015ee0    0000002a     msp430_interrupt.obj (.text:msp430_int_enable)
                  00015f0a    0000002a     msp430_uart.obj (.text:msp430_uart_tx)
                  00015f34    00000028     inv_gyro_dmp_android.obj (.text:dmp_set_tap_count)
                  00015f5c    00000028     data_builder.obj (.text:inv_get_gyro_bias)
                  00015f84    00000028     dma.obj (.text:memcpyDMA0)
                  00015fac    00000026     inv_gyro_dmp_android.obj (.text:dmp_set_orient_time)
                  00015fd2    00000026     inv_gyro_dmp_android.obj (.text:dmp_set_shake_reject_time)
                  00015ff8    00000026     inv_gyro_dmp_android.obj (.text:dmp_set_shake_reject_timeout)
                  0001601e    00000026     inv_gyro_dmp_android.obj (.text:dmp_set_tap_time)
                  00016044    00000026     inv_gyro_dmp_android.obj (.text:dmp_set_tap_time_multi)
                  0001606a    00000026     data_builder.obj (.text:inv_build_temp)
                  00016090    00000026     mllite_test.obj (.text:msp430_port_init)
                  000160b6    00000024     HAL_FLASH.obj (.text:Flash_SegmentErase)
                  000160da    00000024     storage_manager.obj (.text:inv_find_entry)
                  000160fe    00000024     results_holder.obj (.text:inv_set_compass_correction)
                  00016122    00000024     results_holder.obj (.text:inv_store_gaming_quaternion)
                  00016146    00000024     msp430_i2c.obj (.text:msp430_i2c_disable)
                  0001616a    00000024     rts430x_lc_rd.lib : fs_utof.obj (.text)
                  0001618e    00000022     HAL_FLASH.obj (.text:Flash_EraseCheck)
                  000161b0    00000022     usb.obj (.text:USB_disable)
                  000161d2    00000022     libmplmpu.lib : compass_vec_cal.obj (.text:inv_init_peaks)
                  000161f4    00000022     storage_manager.obj (.text:inv_init_storage_manager)
                  00016216    00000022     start_manager.obj (.text:inv_register_mpl_start_notification)
                  00016238    00000022     rts430x_lc_rd.lib : mult32_f5hw.obj (.text)
                  0001625a    00000022     usb.obj (.text:usbSendDataPacketOnEP0)
                  0001627c    00000020     rts430x_lc_rd.lib : vsprintf.obj (.text:_outs)
                  0001629c    00000020     results_holder.obj (.text:inv_get_compass_correction)
                  000162bc    00000020     usb.obj (.text:usbSetAddress)
                  000162dc    00000020     usb.obj (.text:usbSetConfiguration)
                  000162fc    0000001e     eMPL_outputs.obj (.text:inv_init_eMPL_outputs)
                  0001631a    0000001e     start_manager.obj (.text:inv_init_start_manager)
                  00016338    0000001e     message_layer.obj (.text:inv_set_message)
                  00016356    0000001e     usb.obj (.text:usbGetInterface)
                  00016374    0000001e     usb.obj (.text:usbGetInterfaceStatus)
                  00016392    0000001c     UsbIsr.obj (.text:IEP0InterruptHandler)
                  000163ae    0000001c     inv_gyro_dmp_android.obj (.text:dmp_set_orient_axes)
                  000163ca    0000001a     UsbCdc.obj (.text:CdcIsReceiveInProgress)
                  000163e4    0000001a     usb.obj (.text:USB_connect)
                  000163fe    0000001a     rts430x_lc_rd.lib : mult1632_f5hw.obj (.text:__mpysl)
                  00016418    0000001a     libmplmpu.lib : mag_disturb.obj (.text:inv_enable_magnetic_disturbance)
                  00016432    0000001a     ml_math_func.obj (.text:inv_q29_mult)
                  0001644c    0000001a     ml_math_func.obj (.text:inv_q30_mult)
                  00016466    00000018     usb.obj (.text:USB_resume)
                  0001647e    00000018     rts430x_lc_rd.lib : xfdclass.obj (.text:_FDclass)
                  00016496    00000018     libmplmpu.lib : fusion_9axis.obj (.text:inv_enable_9x_sensor_fusion)
                  000164ae    00000018                   : fast_no_motion.obj (.text:inv_enable_fast_nomot)
                  000164c6    00000018     data_builder.obj (.text:inv_set_accel_orientation_and_scale)
                  000164de    00000018     data_builder.obj (.text:inv_set_compass_orientation_and_scale)
                  000164f6    00000018     data_builder.obj (.text:inv_set_gyro_orientation_and_scale)
                  0001650e    00000018     msp430_clock.obj (.text:msp430_get_clock_ms)
                  00016526    00000018     usb.obj (.text:usbClearDeviceFeature)
                  0001653e    00000018     usb.obj (.text:usbSetDeviceFeature)
                  00016556    00000016     inv_gyro_dmp_android.obj (.text:dmp_load_android_firmware)
                  0001656c    00000016     message_layer.obj (.text:inv_get_message_level_0)
                  00016582    00000016     rts430x_lc_rd.lib : abs.obj (.text:llabs)
                  00016598    00000016                       : memset.obj (.text:memset)
                  000165ae    00000016                       : div16u.obj (.text)
                  000165c4    00000016                       : mult16_f5hw.obj (.text)
                  000165da    00000016                       : strlen.obj (.text:strlen)
                  000165f0    00000016     usb.obj (.text:usbGetConfigurationDescriptor)
                  00016606    00000016     usb.obj (.text:usbGetDeviceDescriptor)
                  0001661c    00000014     usbEventHandling.obj (.text:USB_handleVbusOnEvent)
                  00016630    00000014     rts430x_lc_rd.lib : vsprintf.obj (.text:_outc)
                  00016644    00000014     inv_gyro.obj (.text:gyro_get_sample_rate)
                  00016658    00000014     results_holder.obj (.text:inv_start_results_holder)
                  0001666c    00000014     rts430x_lc_rd.lib : memcpy.obj (.text:memcpy)
                  00016680    00000014     usb.obj (.text:usbGetConfiguration)
                  00016694    00000014     usb.obj (.text:usbReceiveDataPacketOnEP0)
                  000166a8    00000012     eMPL_outputs.obj (.text:inv_enable_eMPL_outputs)
                  000166ba    00000012     libmplmpu.lib : quaternion_supervisor.obj (.text:inv_enable_quaternion)
                  000166cc    00000012     results_holder.obj (.text:inv_enable_results_holder)
                  000166de    00000012     libmplmpu.lib : compass_vec_cal.obj (.text:inv_enable_vector_compass_cal)
                  000166f0    00000012     eMPL_outputs.obj (.text:inv_get_sensor_type_accel)
                  00016702    00000012     eMPL_outputs.obj (.text:inv_get_sensor_type_compass)
                  00016714    00000012     eMPL_outputs.obj (.text:inv_get_sensor_type_gyro)
                  00016726    00000012     eMPL_outputs.obj (.text:inv_start_eMPL_outputs)
                  00016738    00000012     rts430x_lc_rd.lib : toupper.obj (.text:toupper)
                  0001674a    00000012     usb.obj (.text:usbSetInterface)
                  0001675c    00000010     data_builder.obj (.text:inv_db_save_func)
                  0001676c    00000010     results_holder.obj (.text:inv_get_6axis_quaternion)
                  0001677c    00000010     data_builder.obj (.text:inv_get_mag_accuracy)
                  0001678c    00000010     results_holder.obj (.text:inv_set_compass_bias_error)
                  0001679c    00000010     libmplmpu.lib : mag_disturb.obj (.text:inv_set_magnetic_disturbance)
                  000167ac    00000010     rts430x_lc_rd.lib : lsr32.obj (.text:l_lsr)
                  000167bc    00000010     msp430_clock.obj (.text:msp430_get_smclk_freq)
                  000167cc    0000000e     inv_gyro.obj (.text:gyro_get_compass_fsr)
                  000167da    0000000e     data_builder.obj (.text:inv_get_accel_on)
                  000167e8    0000000e     data_builder.obj (.text:inv_get_compass_on)
                  000167f6    0000000e     data_builder.obj (.text:inv_get_gyro)
                  00016804    0000000e     data_builder.obj (.text:inv_get_gyro_on)
                  00016812    0000000e     results_holder.obj (.text:inv_get_local_field)
                  00016820    0000000e     libmplmpu.lib : fusion_9axis.obj (.text:inv_start_9x_sensor_fusion)
                  0001682e    0000000e                   : gyro_tc.obj (.text:inv_start_gyro_tc)
                  0001683c    0000000e                   : mag_disturb.obj (.text:inv_start_magnetic_disturbance)
                  0001684a    0000000e                   : compass_vec_cal.obj (.text:inv_start_vector_compass_cal)
                  00016858    0000000e     rts430x_lc_rd.lib : abs.obj (.text:labs)
                  00016866    0000000e     data_builder.obj (.text:set_sensor_orientation_and_scale)
                  00016874    0000000e     usb.obj (.text:usbInvalidRequest)
                  00016882    0000000e     usb.obj (.text:usbSendZeroLengthPacketOnIEP0)
                  00016890    0000000c     results_holder.obj (.text:inv_get_motion_state)
                  0001689c    0000000c     UsbCdc.obj (.text:usbSetLineCoding)
                  000168a8    0000000a     rts430x_lc_rd.lib : abs.obj (.text:abs)
                  000168b2    0000000a     inv_gyro_dmp_android.obj (.text:dmp_get_fifo_rate)
                  000168bc    0000000a     mllite_test.obj (.text:gyro_data_ready_cb)
                  000168c6    0000000a     inv_gyro.obj (.text:gyro_get_fifo_config)
                  000168d0    0000000a     libmplmpu.lib : mag_disturb.obj (.text:inv_get_magnetic_disturbance_state)
                  000168da    0000000a     storage_manager.obj (.text:inv_get_mpl_state_size)
                  000168e4    0000000a     msp430_uart.obj (.text:msp430_uart_enable)
                  000168ee    0000000a     rts430x_lc_rd.lib : fs_neg.obj (.text)
                  000168f8    0000000a                       : lsl16.obj (.text)
                  00016902    0000000a                       : lsr16.obj (.text)
                  0001690c    0000000a     usb.obj (.text:usbStallEndpoint0)
                  00016916    00000008     usbEventHandling.obj (.text:USBCDC_handleDataReceived)
                  0001691e    00000008     usbEventHandling.obj (.text:USB_handleVbusOffEvent)
                  00016926    00000008     usb.obj (.text:USB_setEnabledEvents)
                  0001692e    00000008     HAL_UCS.obj (.text:XT2_Stop)
                  00016936    00000008     inv_gyro_dmp_android.obj (.text:dmp_register_display_orient_cb)
                  0001693e    00000008     inv_gyro_dmp_android.obj (.text:dmp_register_orient_cb)
                  00016946    00000008     inv_gyro_dmp_android.obj (.text:dmp_register_tap_cb)
                  0001694e    00000008     libmplmpu.lib : fusion_9axis.obj (.text:inv_9x_fusion_enable_jitter_reduction)
                  00016956    00000008                   : fusion_9axis.obj (.text:inv_9x_fusion_use_timestamps)
                  0001695e    00000008                   : mag_disturb.obj (.text:inv_disable_dip_tracking)
                  00016966    00000008     results_holder.obj (.text:inv_generate_results)
                  0001696e    00000008     msp430_uart.obj (.text:msp430_get_uart_rx_data)
                  00016976    00000008     UsbCdc.obj (.text:usbSetControlLineState)
                  0001697e    00000006     rts430x_lc_rd.lib : cosf.obj (.text:cosf)
                  00016984    00000006     data_builder.obj (.text:inv_accel_was_turned_off)
                  0001698a    00000006     data_builder.obj (.text:inv_compass_was_turned_off)
                  00016990    00000006     results_holder.obj (.text:inv_get_acc_state)
                  00016996    00000006     data_builder.obj (.text:inv_get_accel_accuracy)
                  0001699c    00000006     results_holder.obj (.text:inv_get_compass_state)
                  000169a2    00000006     data_builder.obj (.text:inv_get_gyro_accuracy)
                  000169a8    00000006     results_holder.obj (.text:inv_get_large_mag_field)
                  000169ae    00000006     results_holder.obj (.text:inv_got_compass_bias)
                  000169b4    00000006     data_builder.obj (.text:inv_gyro_was_turned_off)
                  000169ba    00000006     data_builder.obj (.text:inv_quaternion_sensor_was_turned_off)
                  000169c0    00000006     results_holder.obj (.text:inv_set_compass_bias_found)
                  000169c6    00000006     data_builder.obj (.text:inv_set_compass_disturbance)
                  000169cc    00000006     results_holder.obj (.text:inv_set_compass_state)
                  000169d2    00000006     libmplmpu.lib : fast_no_motion.obj (.text:inv_set_default_number_of_samples)
                  000169d8    00000006     rts430x_lc_rd.lib : log.obj (.text:log)
                  000169de    00000006     mllite_test.obj (.text:msp430_reset)
                  000169e4    00000006     rts430x_lc_rd.lib : sinf.obj (.text:sinf)
                  000169ea    00000006     usb.obj (.text:usbClearOEP0ByteCount)
                  000169f0    00000006     usb.obj (.text:usbStallOEP0)
                  000169f6    00000004     usbEventHandling.obj (.text:USBCDC_handleReceiveCompleted)
                  000169fa    00000004     usbEventHandling.obj (.text:USBCDC_handleSendCompleted)
                  000169fe    00000004     usbEventHandling.obj (.text:USBCDC_handleSetLineCoding)
                  00016a02    00000004     usbEventHandling.obj (.text:USB_handleClockEvent)
                  00016a06    00000004     usbEventHandling.obj (.text:USB_handleEnumCompleteEvent)
                  00016a0a    00000004     usbEventHandling.obj (.text:USB_handleResetEvent)
                  00016a0e    00000004     usbEventHandling.obj (.text:USB_handleResumeEvent)
                  00016a12    00000004     usbEventHandling.obj (.text:USB_handleSuspendEvent)
                  00016a16    00000004     rts430x_lc_rd.lib : pre_init.obj (.text:_system_pre_init)
                  00016a1a    00000004                       : exit.obj (.text:abort)
                  00016a1e    00000002                       : _lock.obj (.text:_nop)

.const     0    00016a20    000014e1     
                  00016a20    00000bf9     inv_gyro_dmp_android.obj (.const:.string:dmp_memory)
                  00017619    00000001     --HOLE-- [fill = 0]
                  0001761a    00000320     mllite_test.obj (.const:.string)
                  0001793a    0000010a     descriptors.obj (.const:tUsbRequestList)
                  00017a44    00000101     rts430x_lc_rd.lib : ctype.obj (.const:.string:_ctypes_)
                  00017b45    00000001     --HOLE-- [fill = 0]
                  00017b46    000000b4     inv_gyro.obj (.const:.string)
                  00017bfa    0000008a     descriptors.obj (.const:.string:abromStringDescriptor)
                  00017c84    0000005a     inv_gyro.obj (.const)
                  00017cde    00000048     data_builder.obj (.const:.string)
                  00017d26    00000043     descriptors.obj (.const)
                  00017d69    00000001     --HOLE-- [fill = 0]
                  00017d6a    0000002e     mpl.obj (.const:.string)
                  00017d98    0000002c     rts430x_lc_rd.lib : xlog.obj (.const)
                  00017dc4    00000024                       : _printfi.obj (.const:.string)
                  00017de8    00000020                       : xfatan.obj (.const:a)
                  00017e08    00000012     descriptors.obj (.const:.string:abromDeviceDescriptor)
                  00017e1a    00000010     rts430x_lc_rd.lib : xexp.obj (.const)
                  00017e2a    00000010                       : xfsin.obj (.const)
                  00017e3a    00000010                       : xsin.obj (.const)
                  00017e4a    00000010     descriptors.obj (.const:stUsbHandle)
                  00017e5a    0000000e     mpl.obj (.const:.string:__func__$2)
                  00017e68    0000000e     rts430x_lc_rd.lib : pow.obj (.const)
                  00017e76    0000000d     mpl.obj (.const:.string:__func__$1)
                  00017e83    00000001     --HOLE-- [fill = 0]
                  00017e84    0000000c     inv_gyro_dmp_android.obj (.const:.string:$P$T4$5)
                  00017e90    0000000c     rts430x_lc_rd.lib : xfsin.obj (.const:c)
                  00017e9c    0000000c                       : xlog.obj (.const:p)
                  00017ea8    0000000c                       : xfsin.obj (.const:s)
                  00017eb4    0000000a     libmplmpu.lib : quaternion_supervisor.obj (.const:.string)
                  00017ebe    00000008     rts430x_lc_rd.lib : xfatan.obj (.const:c)
                  00017ec6    00000008                       : xatan.obj (.const)
                  00017ece    00000008                       : xfatan.obj (.const)
                  00017ed6    00000004                       : acos.obj (.const)
                  00017eda    00000004                       : acosf.obj (.const)
                  00017ede    00000004                       : asin.obj (.const)
                  00017ee2    00000004                       : asinf.obj (.const)
                  00017ee6    00000004                       : atan.obj (.const)
                  00017eea    00000004                       : xfatan.obj (.const:s)
                  00017eee    00000003     inv_gyro_dmp_android.obj (.const:.string:$P$T0$1)
                  00017ef1    00000001     --HOLE-- [fill = 0]
                  00017ef2    00000003     mllite_test.obj (.const:.string:$P$T0$1)
                  00017ef5    00000001     --HOLE-- [fill = 0]
                  00017ef6    00000003     inv_gyro_dmp_android.obj (.const:.string:$P$T1$2)
                  00017ef9    00000001     --HOLE-- [fill = 0]
                  00017efa    00000003     inv_gyro_dmp_android.obj (.const:.string:$P$T2$3)
                  00017efd    00000001     --HOLE-- [fill = 0]
                  00017efe    00000003     inv_gyro_dmp_android.obj (.const:.string:$P$T3$4)


GLOBAL SYMBOLS: SORTED ALPHABETICALLY BY Name 

address    name
--------   ----
00002400   .bss
ffffffff   .text
00000700   ADC12CTL0
00000701   ADC12CTL0_H
00000700   ADC12CTL0_L
00000702   ADC12CTL1
00000703   ADC12CTL1_H
00000702   ADC12CTL1_L
00000704   ADC12CTL2
00000705   ADC12CTL2_H
00000704   ADC12CTL2_L
0000070c   ADC12IE
0000070d   ADC12IE_H
0000070c   ADC12IE_L
0000070a   ADC12IFG
0000070b   ADC12IFG_H
0000070a   ADC12IFG_L
0000070e   ADC12IV
0000070f   ADC12IV_H
0000070e   ADC12IV_L
00000710   ADC12MCTL0
00000711   ADC12MCTL1
0000071a   ADC12MCTL10
0000071b   ADC12MCTL11
0000071c   ADC12MCTL12
0000071d   ADC12MCTL13
0000071e   ADC12MCTL14
0000071f   ADC12MCTL15
00000712   ADC12MCTL2
00000713   ADC12MCTL3
00000714   ADC12MCTL4
00000715   ADC12MCTL5
00000716   ADC12MCTL6
00000717   ADC12MCTL7
00000718   ADC12MCTL8
00000719   ADC12MCTL9
00000720   ADC12MEM0
00000721   ADC12MEM0_H
00000720   ADC12MEM0_L
00000722   ADC12MEM1
00000734   ADC12MEM10
00000735   ADC12MEM10_H
00000734   ADC12MEM10_L
00000736   ADC12MEM11
00000737   ADC12MEM11_H
00000736   ADC12MEM11_L
00000738   ADC12MEM12
00000739   ADC12MEM12_H
00000738   ADC12MEM12_L
0000073a   ADC12MEM13
0000073b   ADC12MEM13_H
0000073a   ADC12MEM13_L
0000073c   ADC12MEM14
0000073d   ADC12MEM14_H
0000073c   ADC12MEM14_L
0000073e   ADC12MEM15
0000073f   ADC12MEM15_H
0000073e   ADC12MEM15_L
00000723   ADC12MEM1_H
00000722   ADC12MEM1_L
00000724   ADC12MEM2
00000725   ADC12MEM2_H
00000724   ADC12MEM2_L
00000726   ADC12MEM3
00000727   ADC12MEM3_H
00000726   ADC12MEM3_L
00000728   ADC12MEM4
00000729   ADC12MEM4_H
00000728   ADC12MEM4_L
0000072a   ADC12MEM5
0000072b   ADC12MEM5_H
0000072a   ADC12MEM5_L
0000072c   ADC12MEM6
0000072d   ADC12MEM6_H
0000072c   ADC12MEM6_L
0000072e   ADC12MEM7
0000072f   ADC12MEM7_H
0000072e   ADC12MEM7_L
00000730   ADC12MEM8
00000731   ADC12MEM8_H
00000730   ADC12MEM8_L
00000732   ADC12MEM9
00000733   ADC12MEM9_H
00000732   ADC12MEM9_L
00016a1a   C$$EXIT
000008c0   CBCTL0
000008c1   CBCTL0_H
000008c0   CBCTL0_L
000008c2   CBCTL1
000008c3   CBCTL1_H
000008c2   CBCTL1_L
000008c4   CBCTL2
000008c5   CBCTL2_H
000008c4   CBCTL2_L
000008c6   CBCTL3
000008c7   CBCTL3_H
000008c6   CBCTL3_L
000008cc   CBINT
000008cd   CBINT_H
000008cc   CBINT_L
000008ce   CBIV
00000150   CRCDI
00000152   CRCDIRB
00000153   CRCDIRB_H
00000152   CRCDIRB_L
00000151   CRCDI_H
00000150   CRCDI_L
00000154   CRCINIRES
00000155   CRCINIRES_H
00000154   CRCINIRES_L
00000156   CRCRESR
00000157   CRCRESR_H
00000156   CRCRESR_L
000163ca   CdcIsReceiveInProgress
0001424c   CdcResetData
0000b826   CdcToBufferFromHost
00009e24   CdcToHostFromBuffer
0000d736   ComputeAngleVelocity
00010a70   CopyUsbToBuff
00000510   DMA0CTL
00000511   DMA0CTL_H
00000510   DMA0CTL_L
00000516   DMA0DA
00000516   DMA0DAL
00000512   DMA0SA
00000512   DMA0SAL
0000051a   DMA0SZ
00000520   DMA1CTL
00000521   DMA1CTL_H
00000520   DMA1CTL_L
00000526   DMA1DA
00000526   DMA1DAL
00000522   DMA1SA
00000522   DMA1SAL
0000052a   DMA1SZ
00000530   DMA2CTL
00000531   DMA2CTL_H
00000530   DMA2CTL_L
00000536   DMA2DA
00000536   DMA2DAL
00000532   DMA2SA
00000532   DMA2SAL
0000053a   DMA2SZ
00000500   DMACTL0
00000501   DMACTL0_H
00000500   DMACTL0_L
00000502   DMACTL1
00000503   DMACTL1_H
00000502   DMACTL1_L
00000504   DMACTL2
00000505   DMACTL2_H
00000504   DMACTL2_L
00000506   DMACTL3
00000507   DMACTL3_H
00000506   DMACTL3_L
00000508   DMACTL4
00000509   DMACTL4_H
00000508   DMACTL4_L
0000050e   DMAIV
0000050f   DMAIV_H
0000050e   DMAIV_L
00000140   FCTL1
00000141   FCTL1_H
00000140   FCTL1_L
00000144   FCTL3
00000145   FCTL3_H
00000144   FCTL3_L
00000146   FCTL4
00000147   FCTL4_H
00000146   FCTL4_L
00015c6e   FlashWrite_8
0001618e   Flash_EraseCheck
000160b6   Flash_SegmentErase
00014a3e   Get_TLV_Info
00014cfa   Handler_SetLineCoding
00004538   I2C_ISR
00016392   IEP0InterruptHandler
000168f8   I_LSL
00016902   I_LSR
00011200   Init_FLL
000158ce   Init_FLL_Settle
0001555e   L_ASR_1
0001553a   L_ASR_10
00015536   L_ASR_11
00015532   L_ASR_12
0001552e   L_ASR_13
0001552a   L_ASR_14
00015526   L_ASR_15
0001555a   L_ASR_2
00015556   L_ASR_3
00015552   L_ASR_4
0001554e   L_ASR_5
0001554a   L_ASR_6
00015546   L_ASR_7
00015542   L_ASR_8
0001553e   L_ASR_9
0001559c   L_LSL_1
00015578   L_LSL_10
00015574   L_LSL_11
00015570   L_LSL_12
0001556c   L_LSL_13
00015568   L_LSL_14
00015564   L_LSL_15
00015598   L_LSL_2
00015594   L_LSL_3
00015590   L_LSL_4
0001558c   L_LSL_5
00015588   L_LSL_6
00015584   L_LSL_7
00015580   L_LSL_8
0001557c   L_LSL_9
000167ac   L_LSR
000155da   L_LSR_1
000155b6   L_LSR_10
000155b2   L_LSR_11
000155ae   L_LSR_12
000155aa   L_LSR_13
000155a6   L_LSR_14
000155a2   L_LSR_15
000155d6   L_LSR_2
000155d2   L_LSR_3
000155ce   L_LSR_4
000155ca   L_LSR_5
000155c6   L_LSR_6
000155c2   L_LSR_7
000155be   L_LSR_8
000155ba   L_LSR_9
000004c4   MAC
000004da   MAC32H
000004db   MAC32H_H
000004da   MAC32H_L
000004d8   MAC32L
000004d9   MAC32L_H
000004d8   MAC32L_L
000004c6   MACS
000004de   MACS32H
000004df   MACS32H_H
000004de   MACS32H_L
000004dc   MACS32L
000004dd   MACS32L_H
000004dc   MACS32L_L
000004c7   MACS_H
000004c6   MACS_L
000004c5   MAC_H
000004c4   MAC_L
000004c0   MPY
000004ec   MPY32CTL0
000004ed   MPY32CTL0_H
000004ec   MPY32CTL0_L
000004d2   MPY32H
000004d3   MPY32H_H
000004d2   MPY32H_L
000004d0   MPY32L
000004d1   MPY32L_H
000004d0   MPY32L_L
000004c2   MPYS
000004d6   MPYS32H
000004d7   MPYS32H_H
000004d6   MPYS32H_L
000004d4   MPYS32L
000004d5   MPYS32L_H
000004d4   MPYS32L_L
000004c3   MPYS_H
000004c2   MPYS_L
000004c1   MPY_H
000004c0   MPY_L
00013278   Mag3ofNormalizedLong
000144d8   MagDisturbCheckSettling
00012936   MagDisturbSetDisturbance
0001577e   OEP0InterruptHandler
000004c8   OP2
000004e2   OP2H
000004e3   OP2H_H
000004e2   OP2H_L
000004e0   OP2L
000004e1   OP2L_H
000004e0   OP2L_L
000004c9   OP2_H
000004c8   OP2_L
0000020e   P1IV
0000021e   P2IV
000045fa   P2_ISR
000001e0   P4MAP01
000001e1   P4MAP01_H
000001e0   P4MAP01_L
000001e2   P4MAP23
000001e3   P4MAP23_H
000001e2   P4MAP23_L
000001e4   P4MAP45
000001e5   P4MAP45_H
000001e4   P4MAP45_L
000001e6   P4MAP67
000001e7   P4MAP67_H
000001e6   P4MAP67_L
00000204   PADIR
00000205   PADIR_H
00000204   PADIR_L
00000208   PADS
00000209   PADS_H
00000208   PADS_L
0000021a   PAIE
00000218   PAIES
00000219   PAIES_H
00000218   PAIES_L
0000021b   PAIE_H
0000021a   PAIE_L
0000021c   PAIFG
0000021d   PAIFG_H
0000021c   PAIFG_L
00000200   PAIN
00000201   PAIN_H
00000200   PAIN_L
00000202   PAOUT
00000203   PAOUT_H
00000202   PAOUT_L
00000206   PAREN
00000207   PAREN_H
00000206   PAREN_L
0000020a   PASEL
0000020b   PASEL_H
0000020a   PASEL_L
00000224   PBDIR
00000225   PBDIR_H
00000224   PBDIR_L
00000228   PBDS
00000229   PBDS_H
00000228   PBDS_L
00000220   PBIN
00000221   PBIN_H
00000220   PBIN_L
00000222   PBOUT
00000223   PBOUT_H
00000222   PBOUT_L
00000226   PBREN
00000227   PBREN_H
00000226   PBREN_L
0000022a   PBSEL
0000022b   PBSEL_H
0000022a   PBSEL_L
00000244   PCDIR
00000245   PCDIR_H
00000244   PCDIR_L
00000248   PCDS
00000249   PCDS_H
00000248   PCDS_L
00000240   PCIN
00000241   PCIN_H
00000240   PCIN_L
00000242   PCOUT
00000243   PCOUT_H
00000242   PCOUT_L
00000246   PCREN
00000247   PCREN_H
00000246   PCREN_L
0000024a   PCSEL
0000024b   PCSEL_H
0000024a   PCSEL_L
00000324   PJDIR
00000325   PJDIR_H
00000324   PJDIR_L
00000328   PJDS
00000329   PJDS_H
00000328   PJDS_L
00000320   PJIN
00000321   PJIN_H
00000320   PJIN_L
00000322   PJOUT
00000323   PJOUT_H
00000322   PJOUT_L
00000326   PJREN
00000327   PJREN_H
00000326   PJREN_L
00000130   PM5CTL0
00000131   PM5CTL0_H
00000130   PM5CTL0_L
000001c2   PMAPCTL
000001c3   PMAPCTL_H
000001c2   PMAPCTL_L
000001c0   PMAPKEYID
000001c1   PMAPKEYID_H
000001c0   PMAPKEYID_L
00000120   PMMCTL0
00000121   PMMCTL0_H
00000120   PMMCTL0_L
00000122   PMMCTL1
00000123   PMMCTL1_H
00000122   PMMCTL1_L
0000012c   PMMIFG
0000012d   PMMIFG_H
0000012c   PMMIFG_L
0000012e   PMMRIE
0000012f   PMMRIE_H
0000012e   PMMRIE_L
00014e22   PWRVBUSoffHandler
00015904   PWRVBUSonHandler
00000158   RCCTL0
00000159   RCCTL0_H
00000158   RCCTL0_L
000001b0   REFCTL0
000001b1   REFCTL0_H
000001b0   REFCTL0_L
000004e4   RES0
000004e5   RES0_H
000004e4   RES0_L
000004e6   RES1
000004e7   RES1_H
000004e6   RES1_L
000004e8   RES2
000004e9   RES2_H
000004e8   RES2_L
000004ea   RES3
000004eb   RES3_H
000004ea   RES3_L
000004cc   RESHI
000004cd   RESHI_H
000004cc   RESHI_L
000004ca   RESLO
000004cb   RESLO_H
000004ca   RESLO_L
000004ba   RTCADOWDAY
000004bb   RTCADOWDAY_H
000004ba   RTCADOWDAY_L
000004b8   RTCAMINHR
000004b9   RTCAMINHR_H
000004b8   RTCAMINHR_L
000004a0   RTCCTL01
000004a1   RTCCTL01_H
000004a0   RTCCTL01_L
000004a2   RTCCTL23
000004a3   RTCCTL23_H
000004a2   RTCCTL23_L
000004b4   RTCDATE
000004b5   RTCDATE_H
000004b4   RTCDATE_L
000004ae   RTCIV
000004ac   RTCPS
000004a8   RTCPS0CTL
000004a9   RTCPS0CTL_H
000004a8   RTCPS0CTL_L
000004aa   RTCPS1CTL
000004ab   RTCPS1CTL_H
000004aa   RTCPS1CTL_L
000004ad   RTCPS_H
000004ac   RTCPS_L
000004b0   RTCTIM0
000004b1   RTCTIM0_H
000004b0   RTCTIM0_L
000004b2   RTCTIM1
000004b3   RTCTIM1_H
000004b2   RTCTIM1_L
000004b6   RTCYEAR
000004b7   RTCYEAR_H
000004b6   RTCYEAR_L
00000100   SFRIE1
00000101   SFRIE1_H
00000100   SFRIE1_L
00000102   SFRIFG1
00000103   SFRIFG1_H
00000102   SFRIFG1_L
00000104   SFRRPCR
00000105   SFRRPCR_H
00000104   SFRRPCR_L
000004ce   SUMEXT
000004cf   SUMEXT_H
000004ce   SUMEXT_L
00000124   SVSMHCTL
00000125   SVSMHCTL_H
00000124   SVSMHCTL_L
00000128   SVSMIO
00000129   SVSMIO_H
00000128   SVSMIO_L
00000126   SVSMLCTL
00000127   SVSMLCTL_H
00000126   SVSMLCTL_L
00000198   SYSBERRIV
00000199   SYSBERRIV_H
00000198   SYSBERRIV_L
00000182   SYSBSLC
00000183   SYSBSLC_H
00000182   SYSBSLC_L
00000180   SYSCTL
00000181   SYSCTL_H
00000180   SYSCTL_L
00000186   SYSJMBC
00000187   SYSJMBC_H
00000186   SYSJMBC_L
00000188   SYSJMBI0
00000189   SYSJMBI0_H
00000188   SYSJMBI0_L
0000018a   SYSJMBI1
0000018b   SYSJMBI1_H
0000018a   SYSJMBI1_L
0000018c   SYSJMBO0
0000018d   SYSJMBO0_H
0000018c   SYSJMBO0_L
0000018e   SYSJMBO1
0000018f   SYSJMBO1_H
0000018e   SYSJMBO1_L
0000019e   SYSRSTIV
0000019f   SYSRSTIV_H
0000019e   SYSRSTIV_L
0000019c   SYSSNIV
0000019d   SYSSNIV_H
0000019c   SYSSNIV_L
0000019a   SYSUNIV
0000019b   SYSUNIV_H
0000019a   SYSUNIV_L
000151b2   SetVCore
00014e6a   SetupPacketInterruptHandler
00000352   TA0CCR0
00000354   TA0CCR1
00000356   TA0CCR2
00000358   TA0CCR3
0000035a   TA0CCR4
00000342   TA0CCTL0
00000344   TA0CCTL1
00000346   TA0CCTL2
00000348   TA0CCTL3
0000034a   TA0CCTL4
00000340   TA0CTL
00000360   TA0EX0
0000036e   TA0IV
00000350   TA0R
00000392   TA1CCR0
00000394   TA1CCR1
00000396   TA1CCR2
00000382   TA1CCTL0
00000384   TA1CCTL1
00000386   TA1CCTL2
00000380   TA1CTL
000003a0   TA1EX0
000003ae   TA1IV
00000390   TA1R
00000412   TA2CCR0
00000414   TA2CCR1
00000416   TA2CCR2
00000402   TA2CCTL0
00000404   TA2CCTL1
00000406   TA2CCTL2
00000400   TA2CTL
00000420   TA2EX0
0000042e   TA2IV
00000410   TA2R
000003d2   TB0CCR0
000003d4   TB0CCR1
000003d6   TB0CCR2
000003d8   TB0CCR3
000003da   TB0CCR4
000003dc   TB0CCR5
000003de   TB0CCR6
000003c2   TB0CCTL0
000003c4   TB0CCTL1
000003c6   TB0CCTL2
000003c8   TB0CCTL3
000003ca   TB0CCTL4
000003cc   TB0CCTL5
000003ce   TB0CCTL6
000003c0   TB0CTL
000003e0   TB0EX0
000003ee   TB0IV
000003d0   TB0R
00004720   TIMERB0_ISR
00004672   UART_ISR
000005d0   UCA0ABCTL
000005c6   UCA0BRW
000005c7   UCA0BRW_H
000005c6   UCA0BRW_L
000005c0   UCA0CTLW0
000005c1   UCA0CTLW0_H
000005c0   UCA0CTLW0_L
000005dc   UCA0ICTL
000005dd   UCA0ICTL_H
000005dc   UCA0ICTL_L
000005d2   UCA0IRCTL
000005d3   UCA0IRCTL_H
000005d2   UCA0IRCTL_L
000005de   UCA0IV
000005c8   UCA0MCTL
000005cc   UCA0RXBUF
000005ca   UCA0STAT
000005ce   UCA0TXBUF
00000610   UCA1ABCTL
00000606   UCA1BRW
00000607   UCA1BRW_H
00000606   UCA1BRW_L
00000600   UCA1CTLW0
00000601   UCA1CTLW0_H
00000600   UCA1CTLW0_L
0000061c   UCA1ICTL
0000061d   UCA1ICTL_H
0000061c   UCA1ICTL_L
00000612   UCA1IRCTL
00000613   UCA1IRCTL_H
00000612   UCA1IRCTL_L
0000061e   UCA1IV
00000608   UCA1MCTL
0000060c   UCA1RXBUF
0000060a   UCA1STAT
0000060e   UCA1TXBUF
000005e6   UCB0BRW
000005e7   UCB0BRW_H
000005e6   UCB0BRW_L
000005e0   UCB0CTLW0
000005e1   UCB0CTLW0_H
000005e0   UCB0CTLW0_L
000005f0   UCB0I2COA
000005f1   UCB0I2COA_H
000005f0   UCB0I2COA_L
000005f2   UCB0I2CSA
000005f3   UCB0I2CSA_H
000005f2   UCB0I2CSA_L
000005fc   UCB0ICTL
000005fd   UCB0ICTL_H
000005fc   UCB0ICTL_L
000005fe   UCB0IV
000005ec   UCB0RXBUF
000005ea   UCB0STAT
000005ee   UCB0TXBUF
00000626   UCB1BRW
00000627   UCB1BRW_H
00000626   UCB1BRW_L
00000620   UCB1CTLW0
00000621   UCB1CTLW0_H
00000620   UCB1CTLW0_L
00000630   UCB1I2COA
00000631   UCB1I2COA_H
00000630   UCB1I2COA_L
00000632   UCB1I2CSA
00000633   UCB1I2CSA_H
00000632   UCB1I2CSA_L
0000063c   UCB1ICTL
0000063d   UCB1ICTL_H
0000063c   UCB1ICTL_L
0000063e   UCB1IV
0000062c   UCB1RXBUF
0000062a   UCB1STAT
0000062e   UCB1TXBUF
00000160   UCSCTL0
00000161   UCSCTL0_H
00000160   UCSCTL0_L
00000162   UCSCTL1
00000163   UCSCTL1_H
00000162   UCSCTL1_L
00000164   UCSCTL2
00000165   UCSCTL2_H
00000164   UCSCTL2_L
00000166   UCSCTL3
00000167   UCSCTL3_H
00000166   UCSCTL3_L
00000168   UCSCTL4
00000169   UCSCTL4_H
00000168   UCSCTL4_L
0000016a   UCSCTL5
0000016b   UCSCTL5_H
0000016a   UCSCTL5_L
0000016c   UCSCTL6
0000016d   UCSCTL6_H
0000016c   UCSCTL6_L
0000016e   UCSCTL7
0000016f   UCSCTL7_H
0000016e   UCSCTL7_L
00000170   UCSCTL8
00000171   UCSCTL8_H
00000170   UCSCTL8_L
000046b8   UNMI_ISR
00011ebc   USBCDC_bytesInUSBBuffer
00016916   USBCDC_handleDataReceived
000169f6   USBCDC_handleReceiveCompleted
000169fa   USBCDC_handleSendCompleted
000169fe   USBCDC_handleSetLineCoding
00011a52   USBCDC_intfStatus
000081b6   USBCDC_receiveData
00012db8   USBCDC_sendData
00000902   USBCNF
00000903   USBCNF_H
00000902   USBCNF_L
0000093c   USBCTL
0000093a   USBFN
0000093b   USBFN_H
0000093a   USBFN_L
0000093f   USBFUNADR
0000093d   USBIE
00002378   USBIEP0BUF
000023c9   USBIEPBBAX_1
000023d1   USBIEPBBAX_2
000023d9   USBIEPBBAX_3
000023e1   USBIEPBBAX_4
000023e9   USBIEPBBAX_5
000023f1   USBIEPBBAX_6
000023f9   USBIEPBBAX_7
000023cd   USBIEPBBAY_1
000023d5   USBIEPBBAY_2
000023dd   USBIEPBBAY_3
000023e5   USBIEPBBAY_4
000023ed   USBIEPBBAY_5
000023f5   USBIEPBBAY_6
000023fd   USBIEPBBAY_7
000023ca   USBIEPBCTX_1
000023d2   USBIEPBCTX_2
000023da   USBIEPBCTX_3
000023e2   USBIEPBCTX_4
000023ea   USBIEPBCTX_5
000023f2   USBIEPBCTX_6
000023fa   USBIEPBCTX_7
000023ce   USBIEPBCTY_1
000023d6   USBIEPBCTY_2
000023de   USBIEPBCTY_3
000023e6   USBIEPBCTY_4
000023ee   USBIEPBCTY_5
000023f6   USBIEPBCTY_6
000023fe   USBIEPBCTY_7
00000920   USBIEPCNF_0
000023c8   USBIEPCNF_1
000023d0   USBIEPCNF_2
000023d8   USBIEPCNF_3
000023e0   USBIEPCNF_4
000023e8   USBIEPCNF_5
000023f0   USBIEPCNF_6
000023f8   USBIEPCNF_7
00000921   USBIEPCNT_0
0000092e   USBIEPIE
00000930   USBIEPIFG
000023cf   USBIEPSIZXY_1
000023d7   USBIEPSIZXY_2
000023df   USBIEPSIZXY_3
000023e7   USBIEPSIZXY_4
000023ef   USBIEPSIZXY_5
000023f7   USBIEPSIZXY_6
000023ff   USBIEPSIZXY_7
0000093e   USBIFG
00000900   USBKEYID
00000901   USBKEYID_H
00000900   USBKEYID_L
00000936   USBMAINT
00000937   USBMAINT_H
00000936   USBMAINT_L
00002370   USBOEP0BUF
00002389   USBOEPBBAX_1
00002391   USBOEPBBAX_2
00002399   USBOEPBBAX_3
000023a1   USBOEPBBAX_4
000023a9   USBOEPBBAX_5
000023b1   USBOEPBBAX_6
000023b9   USBOEPBBAX_7
0000238d   USBOEPBBAY_1
00002395   USBOEPBBAY_2
0000239d   USBOEPBBAY_3
000023a5   USBOEPBBAY_4
000023ad   USBOEPBBAY_5
000023b5   USBOEPBBAY_6
000023bd   USBOEPBBAY_7
0000238a   USBOEPBCTX_1
00002392   USBOEPBCTX_2
0000239a   USBOEPBCTX_3
000023a2   USBOEPBCTX_4
000023aa   USBOEPBCTX_5
000023b2   USBOEPBCTX_6
000023ba   USBOEPBCTX_7
0000238e   USBOEPBCTY_1
00002396   USBOEPBCTY_2
0000239e   USBOEPBCTY_3
000023a6   USBOEPBCTY_4
000023ae   USBOEPBCTY_5
000023b6   USBOEPBCTY_6
000023be   USBOEPBCTY_7
00000922   USBOEPCNF_0
00002388   USBOEPCNF_1
00002390   USBOEPCNF_2
00002398   USBOEPCNF_3
000023a0   USBOEPCNF_4
000023a8   USBOEPCNF_5
000023b0   USBOEPCNF_6
000023b8   USBOEPCNF_7
00000923   USBOEPCNT_0
0000092f   USBOEPIE
00000931   USBOEPIFG
0000238f   USBOEPSIZXY_1
00002397   USBOEPSIZXY_2
0000239f   USBOEPSIZXY_3
000023a7   USBOEPSIZXY_4
000023af   USBOEPSIZXY_5
000023b7   USBOEPSIZXY_6
000023bf   USBOEPSIZXY_7
00000904   USBPHYCTL
00000905   USBPHYCTL_H
00000904   USBPHYCTL_L
00000910   USBPLLCTL
00000911   USBPLLCTL_H
00000910   USBPLLCTL_L
00000912   USBPLLDIVB
00000913   USBPLLDIVB_H
00000912   USBPLLDIVB_L
00000914   USBPLLIR
00000915   USBPLLIR_H
00000914   USBPLLIR_L
00000908   USBPWRCTL
00000909   USBPWRCTL_H
00000908   USBPWRCTL_L
00001c00   USBSTABUFF
00002380   USBSUBLK
0000236f   USBTOPBUFF
00000938   USBTSREG
00000939   USBTSREG_H
00000938   USBTSREG_L
00000932   USBVECINT
00000933   USBVECINT_H
00000932   USBVECINT_L
0001102a   USB_InitSerialStringDescriptor
00003298   USB_RX_memcpy
00003294   USB_TX_memcpy
000163e4   USB_connect
00015c9e   USB_connectionInfo
000129ce   USB_connectionState
000161b0   USB_disable
00012ca0   USB_enable
00016a02   USB_handleClockEvent
00016a06   USB_handleEnumCompleteEvent
00016a0a   USB_handleResetEvent
00016a0e   USB_handleResumeEvent
00016a12   USB_handleSuspendEvent
0001691e   USB_handleVbusOffEvent
0001661c   USB_handleVbusOnEvent
000143c4   USB_init
000157b6   USB_initMemcpy
0000df84   USB_reset
00016466   USB_resume
00016926   USB_setEnabledEvents
00015ade   USB_suspend
0000015c   WDTCTL
0000015d   WDTCTL_H
0000015c   WDTCTL_L
000159a6   XT1_Start
00015cce   XT2_Start
0001692e   XT2_Stop
00002f94   _Denorm
00012a64   _Dnorm
0000f8ba   _Dscale
00013ed8   _Dunscale
00002fa4   _Eps
000032b8   _Errno
0000f166   _FAtan
0001647e   _FDclass
0000307e   _FDenorm
00012d2c   _FDnorm
00010000   _FDscale
000155e0   _FDtest
00013f3c   _FDunscale
0000308e   _FEps
0000309e   _FInf
000030ae   _FNan
000030ce   _FRteps
0000b3c0   _FSin
000030be   _FSnan
000030de   _FXbig
000030e2   _FZero
000032ac   _Fenv
0001593a   _Feraise
00002fb4   _Hugeval
00002fc4   _Inf
0000a33a   _Log
00010b68   _MLPrintLog
00002fd4   _Nan
00002ff4   _Rteps
00002fe4   _Snan
000032b0   _Tls_setup__Fenv
00003004   _Xbig
00003008   _Zero
00004400   __STACK_END
00000400   __STACK_SIZE
00000001   __TI_args_main
00000001   __TI_auto_init
00000001   __TI_exit
000150ea   __asrll
ffffffff   __binit__
00002400   __bss__
ffffffff   __c_args__
00004732   __cinit__
00015de0   __divi
00015332   __divli
0000f2a8   __divlli
000165ae   __divu
00014748   __divul
00008a0e   __divull
000032ba   __end__
ffffffff   __etext__
0000f790   __fs_add
00014d8e   __fs_cmp
00012af6   __fs_div
00015970   __fs_itof
00014dd8   __fs_ltof
00011e06   __fs_mpy
000168ee   __fs_neg
0000f78a   __fs_sub
00013da4   __fs_toi
00013574   __fs_tol
000150a4   __fs_tou
00015c3c   __fs_ultof
0001616a   __fs_utof
000153b2   __lslll
000153f0   __lsrll
000165c4   __mpyi_f5hw
00016238   __mpyl_f5hw
00014640   __mpyll_f5hw
000163fe   __mpysl_f5hw
00015e38   __mpysll_f5hw
ffffffff   __pinit__
00015de0   __remi
00015332   __remli
000165ae   __remu
00014748   __remul
ffffffff   __text__
000147a0   _auto_init
000046f6   _c_int00
000046f6   _c_int00_noexit
000032a4   _cleanup_ptr
00017a44   _ctypes_
000032a8   _dtors_ptr
0000329c   _lock
00016a1e   _nop
0000c0a2   _printfi
0000fffe   _reset_vector
00004000   _stack
00016a16   _system_pre_init
000032a0   _unlock
00002378   abIEP0Buffer
00002370   abOEP0Buffer
000031a2   abUsbRequestIncomingData
0000319a   abUsbRequestReturnData
00016a1a   abort
000031aa   abramSerialStringDescriptor
00017d26   abromConfigurationDescriptorGroup
00017e08   abromDeviceDescriptor
00017bfa   abromStringDescriptor
000168a8   abs
00003164   accel_fsr
00010e4c   acosf
0001045c   atan2f
00014004   atoi
000031ce   bEnumerationStatus
000031cd   bFunctionSuspended
000031cc   bStatusAction
ffffffff   binit
00002400   cb
000024e8   cb_sim
00002474   cb_test
000151f2   cdcReceiveDataInBuffer
0001384e   cdcSendDataWaitTilDone
00003176   check_uart_mode_enabled
00004732   cinit
0000316a   compass_fsr
00002dbc   compass_low_pass_filter_coeff
0001697e   cosf
000147f4   dmp_enable_6x_lp_quat
0000dc3c   dmp_enable_feature
00014848   dmp_enable_lp_quat
000168b2   dmp_get_fifo_rate
00014698   dmp_get_pedometer_step_count
00013d38   dmp_get_pedometer_walk_time
00016556   dmp_load_android_firmware
0000be92   dmp_read_fifo
00016936   dmp_register_display_orient_cb
0001693e   dmp_register_orient_cb
00016946   dmp_register_tap_cb
0001393a   dmp_set_fifo_rate
0000cc7a   dmp_set_gyro_bias
000117f4   dmp_set_interrupt_mode
000163ae   dmp_set_orient_axes
000132f8   dmp_set_orient_thresh
00015fac   dmp_set_orient_time
0000e466   dmp_set_orientation
00015b10   dmp_set_pedometer_step_count
0001561c   dmp_set_pedometer_walk_time
00014c16   dmp_set_shake_reject_thresh
00015fd2   dmp_set_shake_reject_time
00015ff8   dmp_set_shake_reject_timeout
000159da   dmp_set_tap_axes
00015f34   dmp_set_tap_count
0000e2c8   dmp_set_tap_thresh
0001601e   dmp_set_tap_time
00016044   dmp_set_tap_time_multi
0000a812   eMPL_send_data
00010236   eMPL_send_quat
000032ba   end
ffffffff   etext
00015a0e   feraiseexcept
0000da96   fmodf
000142aa   gyro_configure_fifo
00003168   gyro_fsr
00015232   gyro_get_accel_fsr
000135f2   gyro_get_accel_reg
00015018   gyro_get_accel_sens
000167cc   gyro_get_compass_fsr
000114a6   gyro_get_compass_reg
000168c6   gyro_get_fifo_config
00015658   gyro_get_gyro_fsr
00014b2c   gyro_get_gyro_sens
0001489c   gyro_get_lpf
00016644   gyro_get_sample_rate
000122ea   gyro_get_temperature
0000c8a4   gyro_init
00011726   gyro_load_firmware
000112e4   gyro_lp_accel_mode
00003166   gyro_rate
0000acd0   gyro_read_fifo
00011652   gyro_read_fifo_stream
000139ae   gyro_read_mem
00013bee   gyro_reg_dump
0000ce52   gyro_reset_fifo
0000f524   gyro_run_self_test
0001366e   gyro_set_accel_fsr
0000f3e8   gyro_set_bypass
00014532   gyro_set_compass_sample_rate
000130ec   gyro_set_dmp_state
00013378   gyro_set_gyro_fsr
0001418c   gyro_set_int_latched
00012fde   gyro_set_lpf
00012024   gyro_set_sample_rate
0000f020   gyro_set_sensors
00013a96   gyro_write_mem
00017ca8   hw
00004400   iUsbInterruptHandler
0001694e   inv_9x_fusion_enable_jitter_reduction
00016956   inv_9x_fusion_use_timestamps
00016984   inv_accel_was_turned_off
00011bd2   inv_apply_calibration
00012e42   inv_build_accel
00012ecc   inv_build_compass
00015272   inv_build_gyro
00015b42   inv_build_quat
0001606a   inv_build_temp
00005328   inv_center_sum
000134f6   inv_cheap_gaussian
00012592   inv_cheap_rand
000085e2   inv_check_magnetic_disturbance
[...]
00000728   ADC12MEM4
00000728   ADC12MEM4_L
00000729   ADC12MEM4_H
0000072a   ADC12MEM5
0000072a   ADC12MEM5_L
0000072b   ADC12MEM5_H
0000072c   ADC12MEM6
0000072c   ADC12MEM6_L
0000072d   ADC12MEM6_H
0000072e   ADC12MEM7
0000072e   ADC12MEM7_L
0000072f   ADC12MEM7_H
00000730   ADC12MEM8
00000730   ADC12MEM8_L
00000731   ADC12MEM8_H
00000732   ADC12MEM9
00000732   ADC12MEM9_L
00000733   ADC12MEM9_H
00000734   ADC12MEM10
00000734   ADC12MEM10_L
00000735   ADC12MEM10_H
00000736   ADC12MEM11
00000736   ADC12MEM11_L
00000737   ADC12MEM11_H
00000738   ADC12MEM12
00000738   ADC12MEM12_L
00000739   ADC12MEM12_H
0000073a   ADC12MEM13
0000073a   ADC12MEM13_L
0000073b   ADC12MEM13_H
0000073c   ADC12MEM14
0000073c   ADC12MEM14_L
0000073d   ADC12MEM14_H
0000073e   ADC12MEM15
0000073e   ADC12MEM15_L
0000073f   ADC12MEM15_H
000008c0   CBCTL0
000008c0   CBCTL0_L
000008c1   CBCTL0_H
000008c2   CBCTL1
000008c2   CBCTL1_L
000008c3   CBCTL1_H
000008c4   CBCTL2
000008c4   CBCTL2_L
000008c5   CBCTL2_H
000008c6   CBCTL3
000008c6   CBCTL3_L
000008c7   CBCTL3_H
000008cc   CBINT
000008cc   CBINT_L
000008cd   CBINT_H
000008ce   CBIV
00000900   USBKEYID
00000900   USBKEYID_L
00000901   USBKEYID_H
00000902   USBCNF
00000902   USBCNF_L
00000903   USBCNF_H
00000904   USBPHYCTL
00000904   USBPHYCTL_L
00000905   USBPHYCTL_H
00000908   USBPWRCTL
00000908   USBPWRCTL_L
00000909   USBPWRCTL_H
00000910   USBPLLCTL
00000910   USBPLLCTL_L
00000911   USBPLLCTL_H
00000912   USBPLLDIVB
00000912   USBPLLDIVB_L
00000913   USBPLLDIVB_H
00000914   USBPLLIR
00000914   USBPLLIR_L
00000915   USBPLLIR_H
00000920   USBIEPCNF_0
00000920   tEndPoint0DescriptorBlock
00000921   USBIEPCNT_0
00000922   USBOEPCNF_0
00000923   USBOEPCNT_0
0000092e   USBIEPIE
0000092f   USBOEPIE
00000930   USBIEPIFG
00000931   USBOEPIFG
00000932   USBVECINT
00000932   USBVECINT_L
00000933   USBVECINT_H
00000936   USBMAINT
00000936   USBMAINT_L
00000937   USBMAINT_H
00000938   USBTSREG
00000938   USBTSREG_L
00000939   USBTSREG_H
0000093a   USBFN
0000093a   USBFN_L
0000093b   USBFN_H
0000093c   USBCTL
0000093d   USBIE
0000093e   USBIFG
0000093f   USBFUNADR
00001c00   USBSTABUFF
00001c00   pbXBufferAddressEp1
00001c40   pbYBufferAddressEp1
00001c80   pbXBufferAddressEp81
00001cc0   pbYBufferAddressEp81
00001d00   pbXBufferAddressEp2
00001d40   pbYBufferAddressEp2
00001d80   pbXBufferAddressEp82
00001dc0   pbYBufferAddressEp82
00001e00   pbXBufferAddressEp3
00001e40   pbYBufferAddressEp3
00001e80   pbXBufferAddressEp83
00001ec0   pbYBufferAddressEp83
00001f00   pbXBufferAddressEp4
00001f40   pbYBufferAddressEp4
00001f80   pbXBufferAddressEp84
00001fc0   pbYBufferAddressEp84
00002000   pbXBufferAddressEp5
00002040   pbYBufferAddressEp5
00002080   pbXBufferAddressEp85
000020c0   pbYBufferAddressEp85
00002100   pbXBufferAddressEp6
00002140   pbYBufferAddressEp6
00002180   pbXBufferAddressEp86
000021c0   pbYBufferAddressEp86
00002200   pbXBufferAddressEp7
00002240   pbYBufferAddressEp7
00002280   pbXBufferAddressEp87
000022c0   pbYBufferAddressEp87
0000236f   USBTOPBUFF
00002370   USBOEP0BUF
00002370   abOEP0Buffer
00002378   USBIEP0BUF
00002378   abIEP0Buffer
00002380   USBSUBLK
00002380   tSetupPacket
00002388   USBOEPCNF_1
00002388   tOutputEndPointDescriptorBlock
00002389   USBOEPBBAX_1
0000238a   USBOEPBCTX_1
0000238d   USBOEPBBAY_1
0000238e   USBOEPBCTY_1
0000238f   USBOEPSIZXY_1
00002390   USBOEPCNF_2
00002391   USBOEPBBAX_2
00002392   USBOEPBCTX_2
00002395   USBOEPBBAY_2
00002396   USBOEPBCTY_2
00002397   USBOEPSIZXY_2
00002398   USBOEPCNF_3
00002399   USBOEPBBAX_3
0000239a   USBOEPBCTX_3
0000239d   USBOEPBBAY_3
0000239e   USBOEPBCTY_3
0000239f   USBOEPSIZXY_3
000023a0   USBOEPCNF_4
000023a1   USBOEPBBAX_4
000023a2   USBOEPBCTX_4
000023a5   USBOEPBBAY_4
000023a6   USBOEPBCTY_4
000023a7   USBOEPSIZXY_4
000023a8   USBOEPCNF_5
000023a9   USBOEPBBAX_5
000023aa   USBOEPBCTX_5
000023ad   USBOEPBBAY_5
000023ae   USBOEPBCTY_5
000023af   USBOEPSIZXY_5
000023b0   USBOEPCNF_6
000023b1   USBOEPBBAX_6
000023b2   USBOEPBCTX_6
000023b5   USBOEPBBAY_6
000023b6   USBOEPBCTY_6
000023b7   USBOEPSIZXY_6
000023b8   USBOEPCNF_7
000023b9   USBOEPBBAX_7
000023ba   USBOEPBCTX_7
000023bd   USBOEPBBAY_7
000023be   USBOEPBCTY_7
000023bf   USBOEPSIZXY_7
000023c8   USBIEPCNF_1
000023c8   tInputEndPointDescriptorBlock
000023c9   USBIEPBBAX_1
000023ca   USBIEPBCTX_1
000023cd   USBIEPBBAY_1
000023ce   USBIEPBCTY_1
000023cf   USBIEPSIZXY_1
000023d0   USBIEPCNF_2
000023d1   USBIEPBBAX_2
000023d2   USBIEPBCTX_2
000023d5   USBIEPBBAY_2
000023d6   USBIEPBCTY_2
000023d7   USBIEPSIZXY_2
000023d8   USBIEPCNF_3
000023d9   USBIEPBBAX_3
000023da   USBIEPBCTX_3
000023dd   USBIEPBBAY_3
000023de   USBIEPBCTY_3
000023df   USBIEPSIZXY_3
000023e0   USBIEPCNF_4
000023e1   USBIEPBBAX_4
000023e2   USBIEPBCTX_4
000023e5   USBIEPBBAY_4
000023e6   USBIEPBCTY_4
000023e7   USBIEPSIZXY_4
000023e8   USBIEPCNF_5
000023e9   USBIEPBBAX_5
000023ea   USBIEPBCTX_5
000023ed   USBIEPBBAY_5
000023ee   USBIEPBCTY_5
000023ef   USBIEPSIZXY_5
000023f0   USBIEPCNF_6
000023f1   USBIEPBBAX_6
000023f2   USBIEPBCTX_6
000023f5   USBIEPBBAY_6
000023f6   USBIEPBCTY_6
000023f7   USBIEPSIZXY_6
000023f8   USBIEPCNF_7
000023f9   USBIEPBBAX_7
000023fa   USBIEPBCTX_7
000023fd   USBIEPBBAY_7
000023fe   USBIEPBCTY_7
000023ff   USBIEPSIZXY_7
00002400   .bss
00002400   __bss__
00002400   cb
00002474   cb_test
000024e8   cb_sim
0000255c   vc
00002c2c   s9axis
00002dbc   compass_low_pass_filter_coeff
00002e80   mag_disturb
00002f94   _Denorm
00002fa4   _Eps
00002fb4   _Hugeval
00002fc4   _Inf
00002fd4   _Nan
00002fe4   _Snan
00002ff4   _Rteps
00003004   _Xbig
00003008   _Zero
0000307e   _FDenorm
0000308e   _FEps
0000309e   _FInf
000030ae   _FNan
000030be   _FSnan
000030ce   _FRteps
000030de   _FXbig
000030e2   _FZero
0000315e   rx_new
00003160   mpl_key
00003164   accel_fsr
00003166   gyro_rate
00003168   gyro_fsr
0000316a   compass_fsr
0000316c   timestamp
00003170   sensor_timestamp
00003174   new_data
00003176   check_uart_mode_enabled
0000318c   wBytesRemainingOnIEP0
0000318e   wBytesRemainingOnOEP0
0000319a   abUsbRequestReturnData
000031a2   abUsbRequestIncomingData
000031aa   abramSerialStringDescriptor
000031cc   bStatusAction
000031cd   bFunctionSuspended
000031ce   bEnumerationStatus
000031d0   wUsbEventMask
00003294   USB_TX_memcpy
00003298   USB_RX_memcpy
0000329c   _lock
000032a0   _unlock
000032a4   _cleanup_ptr
000032a8   _dtors_ptr
000032ac   _Fenv
000032b0   _Tls_setup__Fenv
000032b8   _Errno
000032ba   __end__
000032ba   end
00004000   _stack
00004400   __STACK_END
00004400   iUsbInterruptHandler
00004538   I2C_ISR
000045fa   P2_ISR
00004672   UART_ISR
000046b8   UNMI_ISR
000046f6   _c_int00
000046f6   _c_int00_noexit
00004720   TIMERB0_ISR
00004732   __cinit__
00004732   cinit
00004924   inv_compute_bias
00005328   inv_center_sum
00006370   inv_process_compass_only_cal
00006ab2   inv_perform_9x_fusion
0000775c   main
00007d6e   inv_set_terms
000081b6   USBCDC_receiveData
000085e2   inv_check_magnetic_disturbance
00008a0e   __divull
0000912a   inv_get_sensor_type_euler
00009b5e   inv_fast_nomot_check_data
00009e24   CdcToHostFromBuffer
0000a33a   _Log
0000a5a6   inv_generate_accel_gyro_quaternion
0000a812   eMPL_send_data
0000aa78   inv_filter_correction_angle
0000acd0   gyro_read_fifo
0000b3c0   _FSin
0000b826   CdcToBufferFromHost
0000bc76   inv_q_multf
0000be92   dmp_read_fifo
0000c0a2   _printfi
0000c2b0   inv_fast_nomot_parameter
0000c4ac   inv_generate_gyro_quaternion
0000c6a8   inv_quaternion_to_rotation
0000c8a4   gyro_init
0000ca9c   inv_q_normalizef
0000cc7a   dmp_set_gyro_bias
0000ce52   gyro_reset_fifo
0000d026   inv_generate_fast_nomot
0000d1f4   inv_combine_compass_data
0000d3ba   inv_compass_angle
0000d57c   inv_check_sim
0000d736   ComputeAngleVelocity
0000da96   fmodf
0000dc3c   dmp_enable_feature
0000dde0   inv_q_mult
0000df84   USB_reset
0000e2c8   dmp_set_tap_thresh
0000e466   dmp_set_orientation
0000f020   gyro_set_sensors
0000f166   _FAtan
0000f2a8   __divlli
0000f3e8   gyro_set_bypass
0000f524   gyro_run_self_test
0000f78a   __fs_sub
0000f790   __fs_add
0000f8ba   _Dscale
0000f9e2   inv_fast_nomot_store_data
0000fd44   sqrt
0000fe62   sqrtf
0000fffe   _reset_vector
00010000   _FDscale
0001011c   inv_q_norm4
00010236   eMPL_send_quat
0001045c   atan2f
00010564   inv_get_sensor_type_heading
00010a70   CopyUsbToBuff
00010b68   _MLPrintLog
00010c60   inv_process_9x_sensor_fusion_cb
00010e4c   acosf
0001102a   USB_InitSerialStringDescriptor
00011116   inv_load_mpl_states
00011200   Init_FLL
000112e4   gyro_lp_accel_mode
000114a6   gyro_get_compass_reg
00011652   gyro_read_fifo_stream
00011726   gyro_load_firmware
000117f4   dmp_set_interrupt_mode
000118c0   inv_init_mpl
0001198a   inv_register_data_cb
00011a52   USBCDC_intfStatus
00011bd2   inv_apply_calibration
00011c8e   inv_init_maxmin
00011d4a   inv_save_mpl_states
00011e06   __fs_mpy
00011ebc   USBCDC_bytesInUSBBuffer
00011f70   inv_convert_to_body_with_scale
00012024   gyro_set_sample_rate
00012188   inv_track_dip_angle
0001223a   inv_get_gravity
000122ea   gyro_get_temperature
00012592   inv_cheap_rand
000126cc   msp430_clock_init
00012802   msp430_i2c_read
0001289c   msp430_i2c_write
00012936   MagDisturbSetDisturbance
000129ce   USB_connectionState
00012a64   _Dnorm
00012af6   __fs_div
00012b84   usbDecodeAndProcessUsbRequest
00012c12   usbGetEndpointStatus
00012ca0   USB_enable
00012d2c   _FDnorm
00012db8   USBCDC_sendData
00012e42   inv_build_accel
00012ecc   inv_build_compass
00012fde   gyro_set_lpf
000130ec   gyro_set_dmp_state
00013172   inv_register_load_store
000131f6   inv_set_gyro_bias
00013278   Mag3ofNormalizedLong
000132f8   dmp_set_orient_thresh
00013378   gyro_set_gyro_fsr
000133f8   ltoa
000134f6   inv_cheap_gaussian
00013574   __fs_tol
000135f2   gyro_get_accel_reg
0001366e   gyro_set_accel_fsr
000136e8   inv_q_addf
00013760   msp430_i2c_enable
0001384e   cdcSendDataWaitTilDone
000138c4   usbGetLineCoding
0001393a   dmp_set_fifo_rate
000139ae   gyro_read_mem
00013a96   gyro_write_mem
00013b0a   inv_execute_on_data
00013b7e   inv_get_last_timestamp
00013bee   gyro_reg_dump
00013cca   usbSendNextPacketOnIEP0
00013d38   dmp_get_pedometer_walk_time
00013da4   __fs_toi
00013e72   inv_init_results_holder
00013ed8   _Dunscale
00013f3c   _FDunscale
00013fa0   inv_get_linear_accel
00014004   atoi
000140c8   inv_q_rotate
0001412a   inv_set_accel_bias
0001418c   gyro_set_int_latched
000141ec   inv_init_fast_nomot
0001424c   CdcResetData
000142aa   gyro_configure_fifo
00014308   inv_q_add
000143c4   USB_init
00014420   inv_init_magnetic_disturbance
0001447c   inv_magnetic_disturbance_process
000144d8   MagDisturbCheckSettling
00014532   gyro_set_compass_sample_rate
0001458c   inv_generate_vector_compass_cal
000145e6   inv_set_compass_bias
00014640   __mpyll_f5hw
00014698   dmp_get_pedometer_step_count
00014748   __divul
00014748   __remul
000147a0   _auto_init
000147f4   dmp_enable_6x_lp_quat
00014848   dmp_enable_lp_quat
0001489c   gyro_get_lpf
000148f0   inv_get_quaternion_set
00014944   inv_q_invert
00014998   msp430_clock_enable
000149ec   usbReceiveNextPacketOnOEP0
00014a3e   Get_TLV_Info
00014b2c   gyro_get_gyro_sens
00014bc8   usbGetStringDescriptor
00014c16   dmp_set_shake_reject_thresh
00014c62   inv_init_9x_fusion
00014cae   inv_q_invertf
00014cfa   Handler_SetLineCoding
00014d44   inv_start_mpl
00014d8e   __fs_cmp
00014dd8   __fs_ltof
00014e22   PWRVBUSoffHandler
00014e6a   SetupPacketInterruptHandler
00014eb2   inv_init_data_builder
00014f42   inv_start_fast_nomot
00014f8a   usbSetEndpointFeature
00015018   gyro_get_accel_sens
0001505e   inv_init_quaternion
000150a4   __fs_tou
000150ea   __asrll
0001512e   inv_start_quaternion
00015170   msp430_uart_init
000151b2   SetVCore
000151f2   cdcReceiveDataInBuffer
00015232   gyro_get_accel_fsr
00015272   inv_build_gyro
000152b2   inv_checksum
000152f2   inv_set_motion_state
00015332   __divli
00015332   __remli
00015372   usbClearEndpointFeature
000153b2   __lslll
000153f0   __lsrll
0001542e   inv_get_gyro_sum_of_sqr
0001546c   inv_set_accel_sample_rate
000154aa   inv_set_compass_sample_rate
000154e8   inv_set_gyro_sample_rate
00015526   L_ASR_15
0001552a   L_ASR_14
0001552e   L_ASR_13
00015532   L_ASR_12
00015536   L_ASR_11
0001553a   L_ASR_10
0001553e   L_ASR_9
00015542   L_ASR_8
00015546   L_ASR_7
0001554a   L_ASR_6
0001554e   L_ASR_5
00015552   L_ASR_4
00015556   L_ASR_3
0001555a   L_ASR_2
0001555e   L_ASR_1
00015564   L_LSL_15
00015568   L_LSL_14
0001556c   L_LSL_13
00015570   L_LSL_12
00015574   L_LSL_11
00015578   L_LSL_10
0001557c   L_LSL_9
00015580   L_LSL_8
00015584   L_LSL_7
00015588   L_LSL_6
0001558c   L_LSL_5
00015590   L_LSL_4
00015594   L_LSL_3
00015598   L_LSL_2
0001559c   L_LSL_1
000155a2   L_LSR_15
000155a6   L_LSR_14
000155aa   L_LSR_13
000155ae   L_LSR_12
000155b2   L_LSR_11
000155b6   L_LSR_10
000155ba   L_LSR_9
000155be   L_LSR_8
000155c2   L_LSR_7
000155c6   L_LSR_6
000155ca   L_LSR_5
000155ce   L_LSR_4
000155d2   L_LSR_3
000155d6   L_LSR_2
000155da   L_LSR_1
000155e0   _FDtest
0001561c   dmp_set_pedometer_walk_time
00015658   gyro_get_gyro_fsr
00015694   inv_get_compass_set
000156d0   inv_get_quaternion
0001570a   inv_init_vector_compass_cal
00015744   vsprintf
0001577e   OEP0InterruptHandler
000157b6   USB_initMemcpy
000157ee   inv_init_gyro_ts
00015826   inv_reset_data_collection
0001585e   msp430_reg_int_cb
00015896   signal
000158ce   Init_FLL_Settle
00015904   PWRVBUSonHandler
0001593a   _Feraise
00015970   __fs_itof
000159a6   XT1_Start
000159da   dmp_set_tap_axes
00015a0e   feraiseexcept
00015a42   inv_enable_gyro_tc
00015a76   inv_get_accel_set
00015aaa   msp430_delay_ms
00015ade   USB_suspend
00015b10   dmp_set_pedometer_step_count
00015b42   inv_build_quat
00015bd8   memccpy
00015c0a   raise
00015c3c   __fs_ultof
00015c6e   FlashWrite_8
00015c9e   USB_connectionInfo
00015cce   XT2_Start
00015cfe   inv_get_gyro_set
00015d2e   memmove
00015d5c   inv_execute_mpl_start_notification
00015d88   inv_get_sensor_type_quat
00015de0   __divi
00015de0   __remi
00015e0c   usbGetDeviceStatus
00015e38   __mpysll_f5hw
00015e62   inv_get_sensor_type_rot_mat
00015e8c   inv_orientation_matrix_to_scalar
00015eb6   memcpyV
00015ee0   msp430_int_enable
00015f0a   msp430_uart_tx
00015f34   dmp_set_tap_count
00015f5c   inv_get_gyro_bias
00015f84   memcpyDMA0
00015fac   dmp_set_orient_time
00015fd2   dmp_set_shake_reject_time
00015ff8   dmp_set_shake_reject_timeout
0001601e   dmp_set_tap_time
00016044   dmp_set_tap_time_multi
0001606a   inv_build_temp
000160b6   Flash_SegmentErase
000160fe   inv_set_compass_correction
00016122   inv_store_gaming_quaternion
00016146   msp430_i2c_disable
0001616a   __fs_utof
0001618e   Flash_EraseCheck
000161b0   USB_disable
000161f4   inv_init_storage_manager
00016216   inv_register_mpl_start_notification
00016238   __mpyl_f5hw
0001625a   usbSendDataPacketOnEP0
0001629c   inv_get_compass_correction
000162bc   usbSetAddress
000162dc   usbSetConfiguration
0001631a   inv_init_start_manager
00016338   inv_set_message
00016356   usbGetInterface
00016374   usbGetInterfaceStatus
00016392   IEP0InterruptHandler
000163ae   dmp_set_orient_axes
000163ca   CdcIsReceiveInProgress
000163e4   USB_connect
000163fe   __mpysl_f5hw
00016418   inv_enable_magnetic_disturbance
00016432   inv_q29_mult
0001644c   inv_q30_mult
00016466   USB_resume
0001647e   _FDclass
00016496   inv_enable_9x_sensor_fusion
000164ae   inv_enable_fast_nomot
000164c6   inv_set_accel_orientation_and_scale
000164de   inv_set_compass_orientation_and_scale
000164f6   inv_set_gyro_orientation_and_scale
0001650e   msp430_get_clock_ms
00016526   usbClearDeviceFeature
0001653e   usbSetDeviceFeature
00016556   dmp_load_android_firmware
0001656c   inv_get_message_level_0
00016582   llabs
00016598   memset
000165ae   __divu
000165ae   __remu
000165c4   __mpyi_f5hw
000165da   strlen
000165f0   usbGetConfigurationDescriptor
00016606   usbGetDeviceDescriptor
0001661c   USB_handleVbusOnEvent
00016644   gyro_get_sample_rate
00016658   inv_start_results_holder
0001666c   memcpy
00016680   usbGetConfiguration
00016694   usbReceiveDataPacketOnEP0
000166a8   inv_enable_eMPL_outputs
000166ba   inv_enable_quaternion
000166cc   inv_enable_results_holder
000166de   inv_enable_vector_compass_cal
000166f0   inv_get_sensor_type_accel
00016702   inv_get_sensor_type_compass
00016714   inv_get_sensor_type_gyro
00016738   toupper
0001674a   usbSetInterface
0001676c   inv_get_6axis_quaternion
0001677c   inv_get_mag_accuracy
0001678c   inv_set_compass_bias_error
0001679c   inv_set_magnetic_disturbance
000167ac   L_LSR
000167bc   msp430_get_smclk_freq
000167cc   gyro_get_compass_fsr
000167da   inv_get_accel_on
000167e8   inv_get_compass_on
000167f6   inv_get_gyro
00016804   inv_get_gyro_on
00016812   inv_get_local_field
00016820   inv_start_9x_sensor_fusion
0001682e   inv_start_gyro_tc
0001683c   inv_start_magnetic_disturbance
0001684a   inv_start_vector_compass_cal
00016858   labs
00016866   set_sensor_orientation_and_scale
00016874   usbInvalidRequest
00016882   usbSendZeroLengthPacketOnIEP0
00016890   inv_get_motion_state
0001689c   usbSetLineCoding
000168a8   abs
000168b2   dmp_get_fifo_rate
000168c6   gyro_get_fifo_config
000168d0   inv_get_magnetic_disturbance_state
000168da   inv_get_mpl_state_size
000168e4   msp430_uart_enable
000168ee   __fs_neg
000168f8   I_LSL
00016902   I_LSR
0001690c   usbStallEndpoint0
00016916   USBCDC_handleDataReceived
0001691e   USB_handleVbusOffEvent
00016926   USB_setEnabledEvents
0001692e   XT2_Stop
00016936   dmp_register_display_orient_cb
0001693e   dmp_register_orient_cb
00016946   dmp_register_tap_cb
0001694e   inv_9x_fusion_enable_jitter_reduction
00016956   inv_9x_fusion_use_timestamps
0001695e   inv_disable_dip_tracking
00016966   inv_generate_results
0001696e   msp430_get_uart_rx_data
00016976   usbSetControlLineState
0001697e   cosf
00016984   inv_accel_was_turned_off
0001698a   inv_compass_was_turned_off
00016990   inv_get_acc_state
00016996   inv_get_accel_accuracy
0001699c   inv_get_compass_state
000169a2   inv_get_gyro_accuracy
000169a8   inv_get_large_mag_field
000169ae   inv_got_compass_bias
000169b4   inv_gyro_was_turned_off
000169ba   inv_quaternion_sensor_was_turned_off
000169c0   inv_set_compass_bias_found
000169c6   inv_set_compass_disturbance
000169cc   inv_set_compass_state
000169d2   inv_set_default_number_of_samples
000169d8   log
000169e4   sinf
000169ea   usbClearOEP0ByteCount
000169f0   usbStallOEP0
000169f6   USBCDC_handleReceiveCompleted
000169fa   USBCDC_handleSendCompleted
000169fe   USBCDC_handleSetLineCoding
00016a02   USB_handleClockEvent
00016a06   USB_handleEnumCompleteEvent
00016a0a   USB_handleResetEvent
00016a0e   USB_handleResumeEvent
00016a12   USB_handleSuspendEvent
00016a16   _system_pre_init
00016a1a   C$$EXIT
00016a1a   abort
00016a1e   _nop
0001793a   tUsbRequestList
00017a44   _ctypes_
00017bfa   abromStringDescriptor
00017c84   reg
00017ca8   hw
00017cb6   test
00017d26   abromConfigurationDescriptorGroup
00017e08   abromDeviceDescriptor
00017e4a   stUsbHandle
ffffffff   .text
ffffffff   __binit__
ffffffff   __c_args__
ffffffff   __etext__
ffffffff   __pinit__
ffffffff   __text__
ffffffff   binit
ffffffff   etext
ffffffff   pinit

[1273 symbols]
